Archive member included to satisfy reference by file (symbol)

c:/siliconlabs/simplicitystudio/v4/developer/toolchains/gnu_arm/7.2_2017q4/bin/../lib/gcc/arm-none-eabi/7.2.1/thumb/v7-m\libgcc.a(_arm_addsubdf3.o)
                              ./src/main.o (__aeabi_dsub)
c:/siliconlabs/simplicitystudio/v4/developer/toolchains/gnu_arm/7.2_2017q4/bin/../lib/gcc/arm-none-eabi/7.2.1/thumb/v7-m\libgcc.a(_arm_muldivdf3.o)
                              ./src/main.o (__aeabi_dmul)
c:/siliconlabs/simplicitystudio/v4/developer/toolchains/gnu_arm/7.2_2017q4/bin/../lib/gcc/arm-none-eabi/7.2.1/thumb/v7-m\libgcc.a(_arm_cmpdf2.o)
                              ./src/main.o (__aeabi_dcmplt)
c:/siliconlabs/simplicitystudio/v4/developer/toolchains/gnu_arm/7.2_2017q4/bin/../lib/gcc/arm-none-eabi/7.2.1/thumb/v7-m\libgcc.a(_aeabi_uldivmod.o)
                              ./emlib/em_usart.o (__aeabi_uldivmod)
c:/siliconlabs/simplicitystudio/v4/developer/toolchains/gnu_arm/7.2_2017q4/bin/../lib/gcc/arm-none-eabi/7.2.1/thumb/v7-m\libgcc.a(_udivmoddi4.o)
                              c:/siliconlabs/simplicitystudio/v4/developer/toolchains/gnu_arm/7.2_2017q4/bin/../lib/gcc/arm-none-eabi/7.2.1/thumb/v7-m\libgcc.a(_aeabi_uldivmod.o) (__udivmoddi4)
c:/siliconlabs/simplicitystudio/v4/developer/toolchains/gnu_arm/7.2_2017q4/bin/../lib/gcc/arm-none-eabi/7.2.1/thumb/v7-m\libgcc.a(_dvmd_tls.o)
                              c:/siliconlabs/simplicitystudio/v4/developer/toolchains/gnu_arm/7.2_2017q4/bin/../lib/gcc/arm-none-eabi/7.2.1/thumb/v7-m\libgcc.a(_aeabi_uldivmod.o) (__aeabi_ldiv0)
c:/siliconlabs/simplicitystudio/v4/developer/toolchains/gnu_arm/7.2_2017q4/bin/../lib/gcc/arm-none-eabi/7.2.1/../../../../arm-none-eabi/lib/thumb/v7-m\libc_nano.a(lib_a-exit.o)
                              c:/siliconlabs/simplicitystudio/v4/developer/toolchains/gnu_arm/7.2_2017q4/bin/../lib/gcc/arm-none-eabi/7.2.1/../../../../arm-none-eabi/lib/thumb/v7-m/crt0.o (exit)
c:/siliconlabs/simplicitystudio/v4/developer/toolchains/gnu_arm/7.2_2017q4/bin/../lib/gcc/arm-none-eabi/7.2.1/../../../../arm-none-eabi/lib/thumb/v7-m\libc_nano.a(lib_a-impure.o)
                              c:/siliconlabs/simplicitystudio/v4/developer/toolchains/gnu_arm/7.2_2017q4/bin/../lib/gcc/arm-none-eabi/7.2.1/../../../../arm-none-eabi/lib/thumb/v7-m\libc_nano.a(lib_a-exit.o) (_global_impure_ptr)
c:/siliconlabs/simplicitystudio/v4/developer/toolchains/gnu_arm/7.2_2017q4/bin/../lib/gcc/arm-none-eabi/7.2.1/../../../../arm-none-eabi/lib/thumb/v7-m\libc_nano.a(lib_a-init.o)
                              c:/siliconlabs/simplicitystudio/v4/developer/toolchains/gnu_arm/7.2_2017q4/bin/../lib/gcc/arm-none-eabi/7.2.1/../../../../arm-none-eabi/lib/thumb/v7-m/crt0.o (__libc_init_array)
c:/siliconlabs/simplicitystudio/v4/developer/toolchains/gnu_arm/7.2_2017q4/bin/../lib/gcc/arm-none-eabi/7.2.1/../../../../arm-none-eabi/lib/thumb/v7-m\libc_nano.a(lib_a-memcpy-stub.o)
                              ./FreeRTOS/efm32gg/queue.o (memcpy)
c:/siliconlabs/simplicitystudio/v4/developer/toolchains/gnu_arm/7.2_2017q4/bin/../lib/gcc/arm-none-eabi/7.2.1/../../../../arm-none-eabi/lib/thumb/v7-m\libc_nano.a(lib_a-memset.o)
                              c:/siliconlabs/simplicitystudio/v4/developer/toolchains/gnu_arm/7.2_2017q4/bin/../lib/gcc/arm-none-eabi/7.2.1/../../../../arm-none-eabi/lib/thumb/v7-m/crt0.o (memset)
c:/siliconlabs/simplicitystudio/v4/developer/toolchains/gnu_arm/7.2_2017q4/bin/../lib/gcc/arm-none-eabi/7.2.1/../../../../arm-none-eabi/lib/thumb/v7-m\libc_nano.a(lib_a-printf.o)
                              ./src/main.o (printf)
c:/siliconlabs/simplicitystudio/v4/developer/toolchains/gnu_arm/7.2_2017q4/bin/../lib/gcc/arm-none-eabi/7.2.1/../../../../arm-none-eabi/lib/thumb/v7-m\libc_nano.a(lib_a-rand.o)
                              ./src/main.o (rand)
c:/siliconlabs/simplicitystudio/v4/developer/toolchains/gnu_arm/7.2_2017q4/bin/../lib/gcc/arm-none-eabi/7.2.1/../../../../arm-none-eabi/lib/thumb/v7-m\libc_nano.a(lib_a-findfp.o)
                              c:/siliconlabs/simplicitystudio/v4/developer/toolchains/gnu_arm/7.2_2017q4/bin/../lib/gcc/arm-none-eabi/7.2.1/../../../../arm-none-eabi/lib/thumb/v7-m\libc_nano.a(lib_a-printf.o) (__sinit)
c:/siliconlabs/simplicitystudio/v4/developer/toolchains/gnu_arm/7.2_2017q4/bin/../lib/gcc/arm-none-eabi/7.2.1/../../../../arm-none-eabi/lib/thumb/v7-m\libc_nano.a(lib_a-fwalk.o)
                              c:/siliconlabs/simplicitystudio/v4/developer/toolchains/gnu_arm/7.2_2017q4/bin/../lib/gcc/arm-none-eabi/7.2.1/../../../../arm-none-eabi/lib/thumb/v7-m\libc_nano.a(lib_a-findfp.o) (_fwalk)
c:/siliconlabs/simplicitystudio/v4/developer/toolchains/gnu_arm/7.2_2017q4/bin/../lib/gcc/arm-none-eabi/7.2.1/../../../../arm-none-eabi/lib/thumb/v7-m\libc_nano.a(lib_a-malloc.o)
[...]
Memory Configuration

Name             Origin             Length             Attributes
FLASH            0x00000000         0x00100000         xr
RAM              0x20000000         0x00020000         xrw
*default*        0x00000000         0xffffffff

Linker script and memory map

LOAD c:/siliconlabs/simplicitystudio/v4/developer/toolchains/gnu_arm/7.2_2017q4/bin/../lib/gcc/arm-none-eabi/7.2.1/thumb/v7-m/crti.o
LOAD c:/siliconlabs/simplicitystudio/v4/developer/toolchains/gnu_arm/7.2_2017q4/bin/../lib/gcc/arm-none-eabi/7.2.1/thumb/v7-m/crtbegin.o
LOAD c:/siliconlabs/simplicitystudio/v4/developer/toolchains/gnu_arm/7.2_2017q4/bin/../lib/gcc/arm-none-eabi/7.2.1/../../../../arm-none-eabi/lib/thumb/v7-m/crt0.o
LOAD ./BSP/bsp_print.o
LOAD ./BSP/bsp_stk_leds.o
LOAD ./BSP/bsp_trace.o
LOAD ./CMSIS/EFM32GG/startup_gcc_efm32gg.o
LOAD ./CMSIS/EFM32GG/system_efm32gg.o
LOAD ./Drivers/sleep.o
LOAD ./FreeRTOS/efm32gg/croutine.o
LOAD ./FreeRTOS/efm32gg/event_groups.o
LOAD ./FreeRTOS/efm32gg/heap_1.o
LOAD ./FreeRTOS/efm32gg/list.o
LOAD ./FreeRTOS/efm32gg/port_gcc.o
LOAD ./FreeRTOS/efm32gg/queue.o
LOAD ./FreeRTOS/efm32gg/tasks.o
LOAD ./FreeRTOS/efm32gg/timers.o
LOAD ./emlib/em_adc.o
LOAD ./emlib/em_assert.o
LOAD ./emlib/em_burtc.o
LOAD ./emlib/em_cmu.o
LOAD ./emlib/em_core.o
LOAD ./emlib/em_dac.o
LOAD ./emlib/em_emu.o
LOAD ./emlib/em_gpio.o
LOAD ./emlib/em_i2c.o
LOAD ./emlib/em_leuart.o
LOAD ./emlib/em_rmu.o
LOAD ./emlib/em_rtc.o
LOAD ./emlib/em_system.o
LOAD ./emlib/em_usart.o
LOAD ./emlib/em_wdog.o
LOAD ./src/low_power_tick_management.o
LOAD ./src/main.o
LOAD ./src/myI2C.o
START GROUP
LOAD c:/siliconlabs/simplicitystudio/v4/developer/toolchains/gnu_arm/7.2_2017q4/bin/../lib/gcc/arm-none-eabi/7.2.1/thumb/v7-m\libgcc.a
LOAD c:/siliconlabs/simplicitystudio/v4/developer/toolchains/gnu_arm/7.2_2017q4/bin/../lib/gcc/arm-none-eabi/7.2.1/../../../../arm-none-eabi/lib/thumb/v7-m\libc_nano.a
LOAD c:/siliconlabs/simplicitystudio/v4/developer/toolchains/gnu_arm/7.2_2017q4/bin/../lib/gcc/arm-none-eabi/7.2.1/../../../../arm-none-eabi/lib/thumb/v7-m\libnosys.a
END GROUP
START GROUP
LOAD c:/siliconlabs/simplicitystudio/v4/developer/toolchains/gnu_arm/7.2_2017q4/bin/../lib/gcc/arm-none-eabi/7.2.1/thumb/v7-m\libgcc.a
LOAD c:/siliconlabs/simplicitystudio/v4/developer/toolchains/gnu_arm/7.2_2017q4/bin/../lib/gcc/arm-none-eabi/7.2.1/../../../../arm-none-eabi/lib/thumb/v7-m\libg_nano.a
LOAD c:/siliconlabs/simplicitystudio/v4/developer/toolchains/gnu_arm/7.2_2017q4/bin/../lib/gcc/arm-none-eabi/7.2.1/../../../../arm-none-eabi/lib/thumb/v7-m\libc_nano.a
END GROUP
START GROUP
LOAD c:/siliconlabs/simplicitystudio/v4/developer/toolchains/gnu_arm/7.2_2017q4/bin/../lib/gcc/arm-none-eabi/7.2.1/thumb/v7-m\libgcc.a
LOAD c:/siliconlabs/simplicitystudio/v4/developer/toolchains/gnu_arm/7.2_2017q4/bin/../lib/gcc/arm-none-eabi/7.2.1/../../../../arm-none-eabi/lib/thumb/v7-m\libc_nano.a
END GROUP
LOAD c:/siliconlabs/simplicitystudio/v4/developer/toolchains/gnu_arm/7.2_2017q4/bin/../lib/gcc/arm-none-eabi/7.2.1/thumb/v7-m/crtend.o
LOAD c:/siliconlabs/simplicitystudio/v4/developer/toolchains/gnu_arm/7.2_2017q4/bin/../lib/gcc/arm-none-eabi/7.2.1/thumb/v7-m/crtn.o

.text           0x00000000     0x7094
 *(.vectors)
 .vectors       0x00000000       0xdc ./CMSIS/EFM32GG/startup_gcc_efm32gg.o
                0x00000000                __Vectors
                0x000000dc                __Vectors_End = .
                0x000000dc                __Vectors_Size = (__Vectors_End - __Vectors)
                0x000000dc                __end__ = .
 *(.text*)
 .text          0x000000dc       0x40 c:/siliconlabs/simplicitystudio/v4/developer/toolchains/gnu_arm/7.2_2017q4/bin/../lib/gcc/arm-none-eabi/7.2.1/thumb/v7-m/crtbegin.o
 .text          0x0000011c       0x74 c:/siliconlabs/simplicitystudio/v4/developer/toolchains/gnu_arm/7.2_2017q4/bin/../lib/gcc/arm-none-eabi/7.2.1/../../../../arm-none-eabi/lib/thumb/v7-m/crt0.o
                0x0000011c                _start
                0x0000011c                _mainCRTStartup
 .text.ITM_SendChar
                0x00000190       0x4c ./BSP/bsp_print.o
 .text.SWO_SetupForPrint
                0x000001dc       0xf4 ./BSP/bsp_print.o
                0x000001dc                SWO_SetupForPrint
 .text._write   0x000002d0       0x38 ./BSP/bsp_print.o
                0x000002d0                _write
 .text.GPIO_PinOutClear
                0x00000308       0x98 ./BSP/bsp_stk_leds.o
 .text.GPIO_PinOutSet
                0x000003a0       0x98 ./BSP/bsp_stk_leds.o
 .text.BSP_LedsInit
                0x00000438       0x58 ./BSP/bsp_stk_leds.o
                0x00000438                BSP_LedsInit
 .text.BSP_LedClear
                0x00000490       0x40 ./BSP/bsp_stk_leds.o
                0x00000490                BSP_LedClear
 .text.BSP_LedSet
                0x000004d0       0x40 ./BSP/bsp_stk_leds.o
                0x000004d0                BSP_LedSet
 .text          0x00000510       0x30 ./CMSIS/EFM32GG/startup_gcc_efm32gg.o
                0x00000510                Reset_Handler
                0x0000053c                DebugMon_Handler
                0x0000053c                USART0_TX_IRQHandler
                0x0000053c                I2C0_IRQHandler
                0x0000053c                HardFault_Handler
                0x0000053c                LEUART1_IRQHandler
                0x0000053c                USART1_RX_IRQHandler
                0x0000053c                NMI_Handler
                0x0000053c                I2C1_IRQHandler
                0x0000053c                TIMER3_IRQHandler
                0x0000053c                USART1_TX_IRQHandler
                0x0000053c                MSC_IRQHandler
                0x0000053c                ADC0_IRQHandler
                0x0000053c                UsageFault_Handler
                0x0000053c                LEUART0_IRQHandler
                0x0000053c                GPIO_EVEN_IRQHandler
                0x0000053c                UART0_TX_IRQHandler
                0x0000053c                UART1_TX_IRQHandler
                0x0000053c                RTC_IRQHandler
                0x0000053c                TIMER0_IRQHandler
                0x0000053c                TIMER2_IRQHandler
                0x0000053c                LCD_IRQHandler
                0x0000053c                PCNT2_IRQHandler
                0x0000053c                UART0_RX_IRQHandler
                0x0000053c                LETIMER0_IRQHandler
                0x0000053c                TIMER1_IRQHandler
                0x0000053c                USART2_RX_IRQHandler
                0x0000053c                Default_Handler
                0x0000053c                EMU_IRQHandler
                0x0000053c                PCNT0_IRQHandler
                0x0000053c                sl_app_properties
                0x0000053c                USB_IRQHandler
                0x0000053c                PCNT1_IRQHandler
                0x0000053c                ACMP0_IRQHandler
                0x0000053c                USART0_RX_IRQHandler
                0x0000053c                MemManage_Handler
                0x0000053c                DAC0_IRQHandler
                0x0000053c                UART1_RX_IRQHandler
                0x0000053c                CMU_IRQHandler
                0x0000053c                EBI_IRQHandler
                0x0000053c                LESENSE_IRQHandler
                0x0000053c                GPIO_ODD_IRQHandler
                0x0000053c                AES_IRQHandler
                0x0000053c                VCMP_IRQHandler
                0x0000053c                DMA_IRQHandler
                0x0000053c                BusFault_Handler
                0x0000053c                USART2_TX_IRQHandler
 .text.GetProdRev
                0x00000540       0x18 ./CMSIS/EFM32GG/system_efm32gg.o
 .text.SystemCoreClockGet
                0x00000558       0x34 ./CMSIS/EFM32GG/system_efm32gg.o
                0x00000558                SystemCoreClockGet
 .text.SystemMaxCoreClockGet
                0x0000058c       0x14 ./CMSIS/EFM32GG/system_efm32gg.o
                0x0000058c                SystemMaxCoreClockGet
 .text.SystemHFClockGet
                0x000005a0      0x100 ./CMSIS/EFM32GG/system_efm32gg.o
                0x000005a0                SystemHFClockGet
 .text.SystemHFXOClockGet
                0x000006a0       0x14 ./CMSIS/EFM32GG/system_efm32gg.o
                0x000006a0                SystemHFXOClockGet
 .text.SystemInit
                0x000006b4       0x1c ./CMSIS/EFM32GG/system_efm32gg.o
                0x000006b4                SystemInit
 .text.SystemLFRCOClockGet
                0x000006d0       0x10 ./CMSIS/EFM32GG/system_efm32gg.o
                0x000006d0                SystemLFRCOClockGet
 .text.SystemULFRCOClockGet
                0x000006e0       0x10 ./CMSIS/EFM32GG/system_efm32gg.o
                0x000006e0                SystemULFRCOClockGet
 .text.SystemLFXOClockGet
                0x000006f0       0x14 ./CMSIS/EFM32GG/system_efm32gg.o
                0x000006f0                SystemLFXOClockGet
 .text.EMU_EnterEM1
                0x00000704       0x20 ./Drivers/sleep.o
 .text.sleepCallbackWrapper
                0x00000724       0x2c ./Drivers/sleep.o
 .text.SLEEP_Init
                0x00000750       0x64 ./Drivers/sleep.o
                0x00000750                SLEEP_Init
 .text.SLEEP_Sleep
                0x000007b4       0x90 ./Drivers/sleep.o
                0x000007b4                SLEEP_Sleep
 .text.SLEEP_LowestEnergyModeGet
                0x00000844       0x3c ./Drivers/sleep.o
                0x00000844                SLEEP_LowestEnergyModeGet
 .text.enterEMx
                0x00000880       0xac ./Drivers/sleep.o
 .text.pvPortMalloc
                0x0000092c       0x8c ./FreeRTOS/efm32gg/heap_1.o
                0x0000092c                pvPortMalloc
 .text.vPortFree
                0x000009b8       0x24 ./FreeRTOS/efm32gg/heap_1.o
                0x000009b8                vPortFree
 .text.vListInitialise
                0x000009dc       0x3e ./FreeRTOS/efm32gg/list.o
                0x000009dc                vListInitialise
 .text.vListInitialiseItem
                0x00000a1a       0x18 ./FreeRTOS/efm32gg/list.o
                0x00000a1a                vListInitialiseItem
 .text.vListInsertEnd
                0x00000a32       0x46 ./FreeRTOS/efm32gg/list.o
                0x00000a32                vListInsertEnd
 .text.vListInsert
                0x00000a78       0x70 ./FreeRTOS/efm32gg/list.o
                0x00000a78                vListInsert
 .text.uxListRemove
                0x00000ae8       0x52 ./FreeRTOS/efm32gg/list.o
                0x00000ae8                uxListRemove
 *fill*         0x00000b3a        0x2 
 .text.pxPortInitialiseStack
                0x00000b3c       0x58 ./FreeRTOS/efm32gg/port_gcc.o
                0x00000b3c                pxPortInitialiseStack
 .text.prvTaskExitError
                0x00000b94       0x34 ./FreeRTOS/efm32gg/port_gcc.o
 *fill*         0x00000bc8        0x8 
 .text.SVC_Handler
                0x00000bd0       0x28 ./FreeRTOS/efm32gg/port_gcc.o
                0x00000bd0                SVC_Handler
 .text.prvPortStartFirstTask
                0x00000bf8       0x20 ./FreeRTOS/efm32gg/port_gcc.o
 .text.xPortStartScheduler
                0x00000c18       0xbc ./FreeRTOS/efm32gg/port_gcc.o
                0x00000c18                xPortStartScheduler
 .text.vPortEnterCritical
                0x00000cd4       0x54 ./FreeRTOS/efm32gg/port_gcc.o
                0x00000cd4                vPortEnterCritical
 .text.vPortExitCritical
                0x00000d28       0x44 ./FreeRTOS/efm32gg/port_gcc.o
                0x00000d28                vPortExitCritical
 *fill*         0x00000d6c        0x4 
 .text.PendSV_Handler
                0x00000d70       0x48 ./FreeRTOS/efm32gg/port_gcc.o
                0x00000d70                PendSV_Handler
 .text.SysTick_Handler
                0x00000db8       0x40 ./FreeRTOS/efm32gg/port_gcc.o
                0x00000db8                SysTick_Handler
 .text.vPortValidateInterruptPriority
                0x00000df8       0x68 ./FreeRTOS/efm32gg/port_gcc.o
                0x00000df8                vPortValidateInterruptPriority
 .text.xQueueGenericReset
                0x00000e60       0xc8 ./FreeRTOS/efm32gg/queue.o
                0x00000e60                xQueueGenericReset
 .text.xQueueGenericCreate
                0x00000f28       0x6c ./FreeRTOS/efm32gg/queue.o
                0x00000f28                xQueueGenericCreate
 .text.prvInitialiseNewQueue
                0x00000f94       0x3e ./FreeRTOS/efm32gg/queue.o
 *fill*         0x00000fd2        0x2 
 .text.xQueueGenericSend
                0x00000fd4      0x1b4 ./FreeRTOS/efm32gg/queue.o
                0x00000fd4                xQueueGenericSend
 .text.xQueueGenericSendFromISR
                0x00001188       0xfc ./FreeRTOS/efm32gg/queue.o
                0x00001188                xQueueGenericSendFromISR
 .text.xQueueGenericReceive
                0x00001284      0x1f8 ./FreeRTOS/efm32gg/queue.o
                0x00001284                xQueueGenericReceive
 .text.prvCopyDataToQueue
                0x0000147c       0xd4 ./FreeRTOS/efm32gg/queue.o
 .text.prvCopyDataFromQueue
                0x00001550       0x4c ./FreeRTOS/efm32gg/queue.o
 .text.prvUnlockQueue
                0x0000159c       0xa4 ./FreeRTOS/efm32gg/queue.o
 .text.prvIsQueueEmpty
                0x00001640       0x2c ./FreeRTOS/efm32gg/queue.o
 .text.prvIsQueueFull
                0x0000166c       0x30 ./FreeRTOS/efm32gg/queue.o
 .text.vQueueAddToRegistry
                0x0000169c       0x50 ./FreeRTOS/efm32gg/queue.o
                0x0000169c                vQueueAddToRegistry
 .text.vQueueWaitForMessageRestricted
                0x000016ec       0x68 ./FreeRTOS/efm32gg/queue.o
                0x000016ec                vQueueWaitForMessageRestricted
 .text.xTaskCreate
                0x00001754       0x82 ./FreeRTOS/efm32gg/tasks.o
                0x00001754                xTaskCreate
 *fill*         0x000017d6        0x2 
 .text.prvInitialiseNewTask
                0x000017d8       0xf8 ./FreeRTOS/efm32gg/tasks.o
 .text.prvAddNewTaskToReadyList
                0x000018d0       0xd4 ./FreeRTOS/efm32gg/tasks.o
 .text.vTaskStartScheduler
                0x000019a4       0x90 ./FreeRTOS/efm32gg/tasks.o
                0x000019a4                vTaskStartScheduler
 .text.vTaskSuspendAll
                0x00001a34       0x1c ./FreeRTOS/efm32gg/tasks.o
                0x00001a34                vTaskSuspendAll
 .text.xTaskResumeAll
                0x00001a50      0x130 ./FreeRTOS/efm32gg/tasks.o
                0x00001a50                xTaskResumeAll
 .text.xTaskGetTickCount
                0x00001b80       0x1c ./FreeRTOS/efm32gg/tasks.o
                0x00001b80                xTaskGetTickCount
 .text.xTaskIncrementTick
                0x00001b9c      0x174 ./FreeRTOS/efm32gg/tasks.o
                0x00001b9c                xTaskIncrementTick
 .text.vTaskSwitchContext
                0x00001d10       0xac ./FreeRTOS/efm32gg/tasks.o
                0x00001d10                vTaskSwitchContext
 .text.vTaskPlaceOnEventList
                0x00001dbc       0x40 ./FreeRTOS/efm32gg/tasks.o
                0x00001dbc                vTaskPlaceOnEventList
 .text.vTaskPlaceOnEventListRestricted
                0x00001dfc       0x50 ./FreeRTOS/efm32gg/tasks.o
                0x00001dfc                vTaskPlaceOnEventListRestricted
 .text.xTaskRemoveFromEventList
                0x00001e4c       0xbc ./FreeRTOS/efm32gg/tasks.o
                0x00001e4c                xTaskRemoveFromEventList
 .text.vTaskSetTimeOutState
                0x00001f08       0x3c ./FreeRTOS/efm32gg/tasks.o
                0x00001f08                vTaskSetTimeOutState
 .text.xTaskCheckForTimeOut
                0x00001f44       0xac ./FreeRTOS/efm32gg/tasks.o
                0x00001f44                xTaskCheckForTimeOut
 .text.vTaskMissedYield
                0x00001ff0       0x18 ./FreeRTOS/efm32gg/tasks.o
                0x00001ff0                vTaskMissedYield
 .text.prvIdleTask
                0x00002008       0x12 ./FreeRTOS/efm32gg/tasks.o
 *fill*         0x0000201a        0x2 
 .text.prvInitialiseTaskLists
                0x0000201c       0x80 ./FreeRTOS/efm32gg/tasks.o
 .text.prvCheckTasksWaitingTermination
                0x0000209c       0x78 ./FreeRTOS/efm32gg/tasks.o
 .text.prvDeleteTCB
                0x00002114       0x20 ./FreeRTOS/efm32gg/tasks.o
 .text.prvResetNextTaskUnblockTime
                0x00002134       0x48 ./FreeRTOS/efm32gg/tasks.o
 .text.xTaskGetSchedulerState
                0x0000217c       0x3c ./FreeRTOS/efm32gg/tasks.o
                0x0000217c                xTaskGetSchedulerState
 .text.vTaskPriorityInherit
                0x000021b8       0xec ./FreeRTOS/efm32gg/tasks.o
                0x000021b8                vTaskPriorityInherit
 .text.xTaskPriorityDisinherit
                0x000022a4       0xf8 ./FreeRTOS/efm32gg/tasks.o
                0x000022a4                xTaskPriorityDisinherit
 .text.pvTaskIncrementMutexHeldCount
                0x0000239c       0x28 ./FreeRTOS/efm32gg/tasks.o
                0x0000239c                pvTaskIncrementMutexHeldCount
 .text.prvAddCurrentTaskToDelayedList
                0x000023c4       0xcc ./FreeRTOS/efm32gg/tasks.o
 .text.xTimerCreateTimerTask
                0x00002490       0x5c ./FreeRTOS/efm32gg/timers.o
                0x00002490                xTimerCreateTimerTask
 .text.xTimerGenericCommand
                0x000024ec       0x94 ./FreeRTOS/efm32gg/timers.o
                0x000024ec                xTimerGenericCommand
 .text.prvProcessExpiredTimer
                0x00002580       0x78 ./FreeRTOS/efm32gg/timers.o
 .text.prvTimerTask
                0x000025f8       0x24 ./FreeRTOS/efm32gg/timers.o
 .text.prvProcessTimerOrBlockTask
                0x0000261c       0x9c ./FreeRTOS/efm32gg/timers.o
 .text.prvGetNextExpireTime
                0x000026b8       0x48 ./FreeRTOS/efm32gg/timers.o
 .text.prvSampleTimeNow
                0x00002700       0x40 ./FreeRTOS/efm32gg/timers.o
 .text.prvInsertTimerInActiveList
                0x00002740       0x84 ./FreeRTOS/efm32gg/timers.o
 .text.prvProcessReceivedCommands
                0x000027c4      0x114 ./FreeRTOS/efm32gg/timers.o
 .text.prvSwitchTimerLists
                0x000028d8       0xbc ./FreeRTOS/efm32gg/timers.o
 .text.prvCheckForValidListAndQueue
                0x00002994       0x6c ./FreeRTOS/efm32gg/timers.o
 .text.assertEFM
                0x00002a00        0xc ./emlib/em_assert.o
                0x00002a00                assertEFM
 .text.BUS_RegBitWrite
                0x00002a0c       0x2c ./emlib/em_burtc.o
 .text.BURTC_IntClear
                0x00002a38       0x1c ./emlib/em_burtc.o
 .text.BURTC_FreezeEnable
                0x00002a54       0x24 ./emlib/em_burtc.o
 .text.divToLog2
                0x00002a78       0x3c ./emlib/em_burtc.o
 .text.regSync  0x00002ab4       0x4c ./emlib/em_burtc.o
 .text.BURTC_Init
                0x00002b00      0x118 ./emlib/em_burtc.o
                0x00002b00                BURTC_Init
 .text.BURTC_Enable
                0x00002c18       0x50 ./emlib/em_burtc.o
                0x00002c18                BURTC_Enable
 .text.BURTC_CompareSet
                0x00002c68       0x38 ./emlib/em_burtc.o
                0x00002c68                BURTC_CompareSet
 .text.BURTC_CompareGet
                0x00002ca0       0x2c ./emlib/em_burtc.o
                0x00002ca0                BURTC_CompareGet
 .text.BURTC_CounterReset
                0x00002ccc       0x20 ./emlib/em_burtc.o
                0x00002ccc                BURTC_CounterReset
 .text.BUS_RegBitWrite
                0x00002cec       0x2c ./emlib/em_cmu.o
 .text.BUS_RegBitRead
                0x00002d18       0x28 ./emlib/em_cmu.o
 .text.CMU_DivToLog2
                0x00002d40       0x3c ./emlib/em_cmu.o
 .text.SYSTEM_GetProdRev
                0x00002d7c       0x18 ./emlib/em_cmu.o
 .text.SYSTEM_GetFamily
                0x00002d94       0x18 ./emlib/em_cmu.o
 .text.maxFreqHfle
                0x00002dac       0x88 ./emlib/em_cmu.o
 .text.setHfLeConfig
                0x00002e34       0x64 ./emlib/em_cmu.o
 .text.getHfLeConfig
                0x00002e98       0x20 ./emlib/em_cmu.o
 .text.auxClkGet
                0x00002eb8       0xc0 ./emlib/em_cmu.o
 .text.dbgClkGet
                0x00002f78       0x4c ./emlib/em_cmu.o
 .text.flashWaitStateControl
                0x00002fc4       0x98 ./emlib/em_cmu.o
 .text.flashWaitStateMax
                0x0000305c       0x44 ./emlib/em_cmu.o
 .text.CMU_UpdateWaitStates
                0x000030a0       0x40 ./emlib/em_cmu.o
                0x000030a0                CMU_UpdateWaitStates
 .text.lfClkGet
                0x000030e0      0x10c ./emlib/em_cmu.o
 .text.syncReg  0x000031ec       0x34 ./emlib/em_cmu.o
 .text.usbCClkGet
                0x00003220       0x4c ./emlib/em_cmu.o
 .text.hfperClkSafePrescaler
                0x0000326c        0xc ./emlib/em_cmu.o
 .text.hfperClkOptimizedPrescaler
                0x00003278        0xc ./emlib/em_cmu.o
 .text.CMU_ClockEnable
                0x00003284       0xdc ./emlib/em_cmu.o
                0x00003284                CMU_ClockEnable
 .text.CMU_ClockFreqGet
                0x00003360      0x1e4 ./emlib/em_cmu.o
                0x00003360                CMU_ClockFreqGet
 .text.CMU_ClockSelectGet
                0x00003544      0x168 ./emlib/em_cmu.o
                0x00003544                CMU_ClockSelectGet
 .text.CMU_ClockSelectSet
                0x000036ac      0x2e0 ./emlib/em_cmu.o
                0x000036ac                CMU_ClockSelectSet
 .text.CMU_OscillatorEnable
                0x0000398c       0xc8 ./emlib/em_cmu.o
                0x0000398c                CMU_OscillatorEnable
 .text.CORE_EnterCritical
                0x00003a54       0x1e ./emlib/em_core.o
                0x00003a54                CORE_EnterCritical
 .text.CORE_ExitCritical
                0x00003a72       0x1a ./emlib/em_core.o
                0x00003a72                CORE_ExitCritical
 .text.SystemCoreClockUpdate
                0x00003a8c        0xc ./emlib/em_emu.o
 .text.EMU_Unlock
                0x00003a98       0x18 ./emlib/em_emu.o
 .text.CMU_Lock
                0x00003ab0       0x18 ./emlib/em_emu.o
 .text.CMU_Unlock
                0x00003ac8       0x1c ./emlib/em_emu.o
 .text.emState  0x00003ae4       0xcc ./emlib/em_emu.o
 .text.getErrataFixEmuE107En
                0x00003bb0       0x68 ./emlib/em_emu.o
 .text.EMU_EM23PresleepHook
                0x00003c18        0xc ./emlib/em_emu.o
                0x00003c18                EMU_EM23PresleepHook
 .text.EMU_EM23PostsleepHook
                0x00003c24        0xc ./emlib/em_emu.o
                0x00003c24                EMU_EM23PostsleepHook
 .text.EMU_EnterEM2
                0x00003c30       0xa0 ./emlib/em_emu.o
                0x00003c30                EMU_EnterEM2
 .text.EMU_EnterEM3
                0x00003cd0       0xc8 ./emlib/em_emu.o
                0x00003cd0                EMU_EnterEM3
 .text.EMU_Save
                0x00003d98        0xe ./emlib/em_emu.o
                0x00003d98                EMU_Save
 .text.EMU_Restore
                0x00003da6        0xe ./emlib/em_emu.o
                0x00003da6                EMU_Restore
 .text.EMU_EnterEM4
                0x00003db4       0x54 ./emlib/em_emu.o
                0x00003db4                EMU_EnterEM4
 .text.GPIO_PinOutClear
                0x00003e08       0x98 ./emlib/em_gpio.o
 .text.GPIO_PinOutSet
                0x00003ea0       0x98 ./emlib/em_gpio.o
 .text.GPIO_PinModeSet
                0x00003f38      0x15c ./emlib/em_gpio.o
                0x00003f38                GPIO_PinModeSet
 .text.I2C_IntClear
                0x00004094       0x1a ./emlib/em_i2c.o
 .text.BUS_RegBitWrite
                0x000040ae       0x2c ./emlib/em_i2c.o
 .text.BUS_RegMaskedWrite
                0x000040da       0x28 ./emlib/em_i2c.o
 .text.flushRx  0x00004102       0x24 ./emlib/em_i2c.o
 *fill*         0x00004126        0x2 
 .text.I2C_BusFreqSet
                0x00004128      0x19c ./emlib/em_i2c.o
                0x00004128                I2C_BusFreqSet
 .text.I2C_Enable
                0x000042c4       0x48 ./emlib/em_i2c.o
                0x000042c4                I2C_Enable
 .text.I2C_Init
                0x0000430c       0x7c ./emlib/em_i2c.o
                0x0000430c                I2C_Init
 .text.I2C_Transfer
                0x00004388      0x478 ./emlib/em_i2c.o
                0x00004388                I2C_Transfer
 .text.I2C_TransferInit
                0x00004800       0xfc ./emlib/em_i2c.o
                0x00004800                I2C_TransferInit
 .text.SL_CTZ   0x000048fc       0x26 ./emlib/em_rmu.o
 .text.BUS_RegBitWrite
                0x00004922       0x2c ./emlib/em_rmu.o
 *fill*         0x0000494e        0x2 
 .text.EMU_Lock
                0x00004950       0x18 ./emlib/em_rmu.o
 .text.EMU_Unlock
                0x00004968       0x18 ./emlib/em_rmu.o
 .text.RMU_ResetControl
                0x00004980       0x3c ./emlib/em_rmu.o
                0x00004980                RMU_ResetControl
 .text.RMU_ResetCauseClear
                0x000049bc       0x54 ./emlib/em_rmu.o
                0x000049bc                RMU_ResetCauseClear
 .text.RMU_ResetCauseGet
                0x00004a10       0x6c ./emlib/em_rmu.o
                0x00004a10                RMU_ResetCauseGet
 .text.SYSTEM_ChipRevisionGet
                0x00004a7c       0x88 ./emlib/em_system.o
                0x00004a7c                SYSTEM_ChipRevisionGet
 .text.__NVIC_EnableIRQ
                0x00004b04       0x38 ./src/low_power_tick_management.o
 .text.__NVIC_ClearPendingIRQ
                0x00004b3c       0x3c ./src/low_power_tick_management.o
 .text.__NVIC_SetPriority
                0x00004b78       0x54 ./src/low_power_tick_management.o
 .text.BURTC_IntClear
                0x00004bcc       0x1c ./src/low_power_tick_management.o
 .text.BURTC_IntDisable
                0x00004be8       0x24 ./src/low_power_tick_management.o
 .text.BURTC_IntEnable
                0x00004c0c       0x24 ./src/low_power_tick_management.o
 .text.vApplicationIdleHook
                0x00004c30        0xc ./src/low_power_tick_management.o
                0x00004c30                vApplicationIdleHook
 .text.BURTC_IRQHandler
                0x00004c3c       0x7c ./src/low_power_tick_management.o
                0x00004c3c                BURTC_IRQHandler
 .text.vPortSetupTimerInterrupt
                0x00004cb8       0x84 ./src/low_power_tick_management.o
                0x00004cb8                vPortSetupTimerInterrupt
 .text.SYSTEM_GetProdRev
                0x00004d3c       0x18 ./src/main.o
 .text.CHIP_Init
                0x00004d54       0x48 ./src/main.o
 .text.vATaskRead
                0x00004d9c      0x194 ./src/main.o
 .text.vATaskProcess
                0x00004f30      0x1f4 ./src/main.o
 .text.vATaskPrint
                0x00005124       0x54 ./src/main.o
 .text.main     0x00005178       0xb4 ./src/main.o
                0x00005178                main
 .text.BSP_I2C_Init
                0x0000522c       0x7c ./src/myI2C.o
                0x0000522c                BSP_I2C_Init
 .text.I2C_WriteRegister
                0x000052a8       0xa8 ./src/myI2C.o
                0x000052a8                I2C_WriteRegister
 .text.I2C_ReadRegister
                0x00005350       0x98 ./src/myI2C.o
                0x00005350                I2C_ReadRegister
 .text.I2C_Test
                0x000053e8       0x34 ./src/myI2C.o
                0x000053e8                I2C_Test
 .text          0x0000541c      0x378 c:/siliconlabs/simplicitystudio/v4/developer/toolchains/gnu_arm/7.2_2017q4/bin/../lib/gcc/arm-none-eabi/7.2.1/thumb/v7-m\libgcc.a(_arm_addsubdf3.o)
                0x0000541c                __aeabi_drsub
                0x00005424                __aeabi_dsub
                0x00005424                __subdf3
                0x00005428                __aeabi_dadd
                0x00005428                __adddf3
                0x000056a0                __floatunsidf
                0x000056a0                __aeabi_ui2d
                0x000056c0                __floatsidf
                0x000056c0                __aeabi_i2d
                0x000056e4                __aeabi_f2d
                0x000056e4                __extendsfdf2
                0x00005728                __floatundidf
                0x00005728                __aeabi_ul2d
                0x00005738                __floatdidf
                0x00005738                __aeabi_l2d
 .text          0x00005794      0x424 c:/siliconlabs/simplicitystudio/v4/developer/toolchains/gnu_arm/7.2_2017q4/bin/../lib/gcc/arm-none-eabi/7.2.1/thumb/v7-m\libgcc.a(_arm_muldivdf3.o)
                0x00005794                __aeabi_dmul
                0x00005794                __muldf3
                0x000059e8                __divdf3
                0x000059e8                __aeabi_ddiv
 .text          0x00005bb8      0x110 c:/siliconlabs/simplicitystudio/v4/developer/toolchains/gnu_arm/7.2_2017q4/bin/../lib/gcc/arm-none-eabi/7.2.1/thumb/v7-m\libgcc.a(_arm_cmpdf2.o)
                0x00005bb8                __gtdf2
                0x00005bb8                __gedf2
                0x00005bc0                __ltdf2
                0x00005bc0                __ledf2
                0x00005bc8                __nedf2
                0x00005bc8                __eqdf2
                0x00005bc8                __cmpdf2
                0x00005c44                __aeabi_cdrcmple
                0x00005c54                __aeabi_cdcmpeq
                0x00005c54                __aeabi_cdcmple
                0x00005c64                __aeabi_dcmpeq
                0x00005c78                __aeabi_dcmplt
                0x00005c8c                __aeabi_dcmple
                0x00005ca0                __aeabi_dcmpge
                0x00005cb4                __aeabi_dcmpgt
 .text.exit     0x00005cc8       0x28 c:/siliconlabs/simplicitystudio/v4/developer/toolchains/gnu_arm/7.2_2017q4/bin/../lib/gcc/arm-none-eabi/7.2.1/../../../../arm-none-eabi/lib/thumb/v7-m\libc_nano.a(lib_a-exit.o)
                0x00005cc8                exit
 .text.__libc_init_array
                0x00005cf0       0x48 c:/siliconlabs/simplicitystudio/v4/developer/toolchains/gnu_arm/7.2_2017q4/bin/../lib/gcc/arm-none-eabi/7.2.1/../../../../arm-none-eabi/lib/thumb/v7-m\libc_nano.a(lib_a-init.o)
                0x00005cf0                __libc_init_array
 .text.memcpy   0x00005d38       0x16 c:/siliconlabs/simplicitystudio/v4/developer/toolchains/gnu_arm/7.2_2017q4/bin/../lib/gcc/arm-none-eabi/7.2.1/../../../../arm-none-eabi/lib/thumb/v7-m\libc_nano.a(lib_a-memcpy-stub.o)
                0x00005d38                memcpy
 .text.memset   0x00005d4e       0x10 c:/siliconlabs/simplicitystudio/v4/developer/toolchains/gnu_arm/7.2_2017q4/bin/../lib/gcc/arm-none-eabi/7.2.1/../../../../arm-none-eabi/lib/thumb/v7-m\libc_nano.a(lib_a-memset.o)
                0x00005d4e                memset
 *fill*         0x00005d5e        0x2 
 .text.printf   0x00005d60       0x30 c:/siliconlabs/simplicitystudio/v4/developer/toolchains/gnu_arm/7.2_2017q4/bin/../lib/gcc/arm-none-eabi/7.2.1/../../../../arm-none-eabi/lib/thumb/v7-m\libc_nano.a(lib_a-printf.o)
                0x00005d60                iprintf
                0x00005d60                printf
 .text.rand     0x00005d90       0x68 c:/siliconlabs/simplicitystudio/v4/developer/toolchains/gnu_arm/7.2_2017q4/bin/../lib/gcc/arm-none-eabi/7.2.1/../../../../arm-none-eabi/lib/thumb/v7-m\libc_nano.a(lib_a-rand.o)
                0x00005d90                rand
 .text.std      0x00005df8       0x48 c:/siliconlabs/simplicitystudio/v4/developer/toolchains/gnu_arm/7.2_2017q4/bin/../lib/gcc/arm-none-eabi/7.2.1/../../../../arm-none-eabi/lib/thumb/v7-m\libc_nano.a(lib_a-findfp.o)
 .text._cleanup_r
                0x00005e40        0xc c:/siliconlabs/simplicitystudio/v4/developer/toolchains/gnu_arm/7.2_2017q4/bin/../lib/gcc/arm-none-eabi/7.2.1/../../../../arm-none-eabi/lib/thumb/v7-m\libc_nano.a(lib_a-findfp.o)
                0x00005e40                _cleanup_r
 .text.__sfmoreglue
                0x00005e4c       0x2c c:/siliconlabs/simplicitystudio/v4/developer/toolchains/gnu_arm/7.2_2017q4/bin/../lib/gcc/arm-none-eabi/7.2.1/../../../../arm-none-eabi/lib/thumb/v7-m\libc_nano.a(lib_a-findfp.o)
                0x00005e4c                __sfmoreglue
 .text.__sinit  0x00005e78       0x60 c:/siliconlabs/simplicitystudio/v4/developer/toolchains/gnu_arm/7.2_2017q4/bin/../lib/gcc/arm-none-eabi/7.2.1/../../../../arm-none-eabi/lib/thumb/v7-m\libc_nano.a(lib_a-findfp.o)
                0x00005e78                __sinit
 .text.__sfp    0x00005ed8       0x78 c:/siliconlabs/simplicitystudio/v4/developer/toolchains/gnu_arm/7.2_2017q4/bin/../lib/gcc/arm-none-eabi/7.2.1/../../../../arm-none-eabi/lib/thumb/v7-m\libc_nano.a(lib_a-findfp.o)
                0x00005ed8                __sfp
 .text._fwalk_reent
                0x00005f50       0x3c c:/siliconlabs/simplicitystudio/v4/developer/toolchains/gnu_arm/7.2_2017q4/bin/../lib/gcc/arm-none-eabi/7.2.1/../../../../arm-none-eabi/lib/thumb/v7-m\libc_nano.a(lib_a-fwalk.o)
                0x00005f50                _fwalk_reent
 .text.malloc   0x00005f8c       0x10 c:/siliconlabs/simplicitystudio/v4/developer/toolchains/gnu_arm/7.2_2017q4/bin/../lib/gcc/arm-none-eabi/7.2.1/../../../../arm-none-eabi/lib/thumb/v7-m\libc_nano.a(lib_a-malloc.o)
                0x00005f8c                malloc
 .text._free_r  0x00005f9c       0x98 c:/siliconlabs/simplicitystudio/v4/developer/toolchains/gnu_arm/7.2_2017q4/bin/../lib/gcc/arm-none-eabi/7.2.1/../../../../arm-none-eabi/lib/thumb/v7-m\libc_nano.a(lib_a-nano-freer.o)
                0x00005f9c                _free_r
 .text._malloc_r
                0x00006034       0xb4 c:/siliconlabs/simplicitystudio/v4/developer/toolchains/gnu_arm/7.2_2017q4/bin/../lib/gcc/arm-none-eabi/7.2.1/../../../../arm-none-eabi/lib/thumb/v7-m\libc_nano.a(lib_a-nano-mallocr.o)
                0x00006034                _malloc_r
 .text.__sfputc_r
                0x000060e8       0x2a c:/siliconlabs/simplicitystudio/v4/developer/toolchains/gnu_arm/7.2_2017q4/bin/../lib/gcc/arm-none-eabi/7.2.1/../../../../arm-none-eabi/lib/thumb/v7-m\libc_nano.a(lib_a-nano-vfprintf.o)
 .text.__sfputs_r
                0x00006112       0x24 c:/siliconlabs/simplicitystudio/v4/developer/toolchains/gnu_arm/7.2_2017q4/bin/../lib/gcc/arm-none-eabi/7.2.1/../../../../arm-none-eabi/lib/thumb/v7-m\libc_nano.a(lib_a-nano-vfprintf.o)
                0x00006112                __sfputs_r
 *fill*         0x00006136        0x2 
 .text._vfprintf_r
                0x00006138      0x228 c:/siliconlabs/simplicitystudio/v4/developer/toolchains/gnu_arm/7.2_2017q4/bin/../lib/gcc/arm-none-eabi/7.2.1/../../../../arm-none-eabi/lib/thumb/v7-m\libc_nano.a(lib_a-nano-vfprintf.o)
                0x00006138                _vfprintf_r
                0x00006138                _vfiprintf_r
 .text._printf_common
                0x00006360       0xec c:/siliconlabs/simplicitystudio/v4/developer/toolchains/gnu_arm/7.2_2017q4/bin/../lib/gcc/arm-none-eabi/7.2.1/../../../../arm-none-eabi/lib/thumb/v7-m\libc_nano.a(lib_a-nano-vfprintf_i.o)
                0x00006360                _printf_common
 .text._printf_i
                0x0000644c      0x224 c:/siliconlabs/simplicitystudio/v4/developer/toolchains/gnu_arm/7.2_2017q4/bin/../lib/gcc/arm-none-eabi/7.2.1/../../../../arm-none-eabi/lib/thumb/v7-m\libc_nano.a(lib_a-nano-vfprintf_i.o)
                0x0000644c                _printf_i
 .text._sbrk_r  0x00006670       0x20 c:/siliconlabs/simplicitystudio/v4/developer/toolchains/gnu_arm/7.2_2017q4/bin/../lib/gcc/arm-none-eabi/7.2.1/../../../../arm-none-eabi/lib/thumb/v7-m\libc_nano.a(lib_a-sbrkr.o)
                0x00006670                _sbrk_r
 .text.__sread  0x00006690       0x22 c:/siliconlabs/simplicitystudio/v4/developer/toolchains/gnu_arm/7.2_2017q4/bin/../lib/gcc/arm-none-eabi/7.2.1/../../../../arm-none-eabi/lib/thumb/v7-m\libc_nano.a(lib_a-stdio.o)
                0x00006690                __sread
 .text.__swrite
                0x000066b2       0x38 c:/siliconlabs/simplicitystudio/v4/developer/toolchains/gnu_arm/7.2_2017q4/bin/../lib/gcc/arm-none-eabi/7.2.1/../../../../arm-none-eabi/lib/thumb/v7-m\libc_nano.a(lib_a-stdio.o)
                0x000066b2                __swrite
 .text.__sseek  0x000066ea       0x24 c:/siliconlabs/simplicitystudio/v4/developer/toolchains/gnu_arm/7.2_2017q4/bin/../lib/gcc/arm-none-eabi/7.2.1/../../../../arm-none-eabi/lib/thumb/v7-m\libc_nano.a(lib_a-stdio.o)
                0x000066ea                __sseek
 .text.__sclose
                0x0000670e        0x8 c:/siliconlabs/simplicitystudio/v4/developer/toolchains/gnu_arm/7.2_2017q4/bin/../lib/gcc/arm-none-eabi/7.2.1/../../../../arm-none-eabi/lib/thumb/v7-m\libc_nano.a(lib_a-stdio.o)
                0x0000670e                __sclose
 *fill*         0x00006716        0x2 
 .text.__swbuf_r
                0x00006718       0xa4 c:/siliconlabs/simplicitystudio/v4/developer/toolchains/gnu_arm/7.2_2017q4/bin/../lib/gcc/arm-none-eabi/7.2.1/../../../../arm-none-eabi/lib/thumb/v7-m\libc_nano.a(lib_a-wbuf.o)
                0x00006718                __swbuf_r
 .text._write_r
                0x000067bc       0x24 c:/siliconlabs/simplicitystudio/v4/developer/toolchains/gnu_arm/7.2_2017q4/bin/../lib/gcc/arm-none-eabi/7.2.1/../../../../arm-none-eabi/lib/thumb/v7-m\libc_nano.a(lib_a-writer.o)
                0x000067bc                _write_r
 .text.__swsetup_r
                0x000067e0       0xdc c:/siliconlabs/simplicitystudio/v4/developer/toolchains/gnu_arm/7.2_2017q4/bin/../lib/gcc/arm-none-eabi/7.2.1/../../../../arm-none-eabi/lib/thumb/v7-m\libc_nano.a(lib_a-wsetup.o)
                0x000067e0                __swsetup_r
 .text._close_r
                0x000068bc       0x20 c:/siliconlabs/simplicitystudio/v4/developer/toolchains/gnu_arm/7.2_2017q4/bin/../lib/gcc/arm-none-eabi/7.2.1/../../../../arm-none-eabi/lib/thumb/v7-m\libc_nano.a(lib_a-closer.o)
                0x000068bc                _close_r
 .text.__sflush_r
                0x000068dc      0x10c c:/siliconlabs/simplicitystudio/v4/developer/toolchains/gnu_arm/7.2_2017q4/bin/../lib/gcc/arm-none-eabi/7.2.1/../../../../arm-none-eabi/lib/thumb/v7-m\libc_nano.a(lib_a-fflush.o)
                0x000068dc                __sflush_r
 .text._fflush_r
                0x000069e8       0x54 c:/siliconlabs/simplicitystudio/v4/developer/toolchains/gnu_arm/7.2_2017q4/bin/../lib/gcc/arm-none-eabi/7.2.1/../../../../arm-none-eabi/lib/thumb/v7-m\libc_nano.a(lib_a-fflush.o)
                0x000069e8                _fflush_r
 .text._lseek_r
                0x00006a3c       0x24 c:/siliconlabs/simplicitystudio/v4/developer/toolchains/gnu_arm/7.2_2017q4/bin/../lib/gcc/arm-none-eabi/7.2.1/../../../../arm-none-eabi/lib/thumb/v7-m\libc_nano.a(lib_a-lseekr.o)
                0x00006a3c                _lseek_r
 .text.__swhatbuf_r
                0x00006a60       0x48 c:/siliconlabs/simplicitystudio/v4/developer/toolchains/gnu_arm/7.2_2017q4/bin/../lib/gcc/arm-none-eabi/7.2.1/../../../../arm-none-eabi/lib/thumb/v7-m\libc_nano.a(lib_a-makebuf.o)
                0x00006a60                __swhatbuf_r
 .text.__smakebuf_r
                0x00006aa8       0x80 c:/siliconlabs/simplicitystudio/v4/developer/toolchains/gnu_arm/7.2_2017q4/bin/../lib/gcc/arm-none-eabi/7.2.1/../../../../arm-none-eabi/lib/thumb/v7-m\libc_nano.a(lib_a-makebuf.o)
                0x00006aa8                __smakebuf_r
 .text.memchr   0x00006b28       0x1c c:/siliconlabs/simplicitystudio/v4/developer/toolchains/gnu_arm/7.2_2017q4/bin/../lib/gcc/arm-none-eabi/7.2.1/../../../../arm-none-eabi/lib/thumb/v7-m\libc_nano.a(lib_a-memchr-stub.o)
                0x00006b28                memchr
 .text.__malloc_lock
                0x00006b44        0x2 c:/siliconlabs/simplicitystudio/v4/developer/toolchains/gnu_arm/7.2_2017q4/bin/../lib/gcc/arm-none-eabi/7.2.1/../../../../arm-none-eabi/lib/thumb/v7-m\libc_nano.a(lib_a-mlock.o)
                0x00006b44                __malloc_lock
 .text.__malloc_unlock
                0x00006b46        0x2 c:/siliconlabs/simplicitystudio/v4/developer/toolchains/gnu_arm/7.2_2017q4/bin/../lib/gcc/arm-none-eabi/7.2.1/../../../../arm-none-eabi/lib/thumb/v7-m\libc_nano.a(lib_a-mlock.o)
                0x00006b46                __malloc_unlock
 .text._read_r  0x00006b48       0x24 c:/siliconlabs/simplicitystudio/v4/developer/toolchains/gnu_arm/7.2_2017q4/bin/../lib/gcc/arm-none-eabi/7.2.1/../../../../arm-none-eabi/lib/thumb/v7-m\libc_nano.a(lib_a-readr.o)
                0x00006b48                _read_r
 .text._fstat_r
                0x00006b6c       0x24 c:/siliconlabs/simplicitystudio/v4/developer/toolchains/gnu_arm/7.2_2017q4/bin/../lib/gcc/arm-none-eabi/7.2.1/../../../../arm-none-eabi/lib/thumb/v7-m\libc_nano.a(lib_a-fstatr.o)
                0x00006b6c                _fstat_r
 .text._isatty_r
                0x00006b90       0x20 c:/siliconlabs/simplicitystudio/v4/developer/toolchains/gnu_arm/7.2_2017q4/bin/../lib/gcc/arm-none-eabi/7.2.1/../../../../arm-none-eabi/lib/thumb/v7-m\libc_nano.a(lib_a-isattyr.o)
                0x00006b90                _isatty_r
 .text._close   0x00006bb0       0x10 c:/siliconlabs/simplicitystudio/v4/developer/toolchains/gnu_arm/7.2_2017q4/bin/../lib/gcc/arm-none-eabi/7.2.1/../../../../arm-none-eabi/lib/thumb/v7-m\libnosys.a(close.o)
                0x00006bb0                _close
 .text._fstat   0x00006bc0       0x10 c:/siliconlabs/simplicitystudio/v4/developer/toolchains/gnu_arm/7.2_2017q4/bin/../lib/gcc/arm-none-eabi/7.2.1/../../../../arm-none-eabi/lib/thumb/v7-m\libnosys.a(fstat.o)
                0x00006bc0                _fstat
 .text._isatty  0x00006bd0       0x10 c:/siliconlabs/simplicitystudio/v4/developer/toolchains/gnu_arm/7.2_2017q4/bin/../lib/gcc/arm-none-eabi/7.2.1/../../../../arm-none-eabi/lib/thumb/v7-m\libnosys.a(isatty.o)
                0x00006bd0                _isatty
 .text._lseek   0x00006be0       0x10 c:/siliconlabs/simplicitystudio/v4/developer/toolchains/gnu_arm/7.2_2017q4/bin/../lib/gcc/arm-none-eabi/7.2.1/../../../../arm-none-eabi/lib/thumb/v7-m\libnosys.a(lseek.o)
                0x00006be0                _lseek
 .text._read    0x00006bf0       0x10 c:/siliconlabs/simplicitystudio/v4/developer/toolchains/gnu_arm/7.2_2017q4/bin/../lib/gcc/arm-none-eabi/7.2.1/../../../../arm-none-eabi/lib/thumb/v7-m\libnosys.a(read.o)
                0x00006bf0                _read
 .text._sbrk    0x00006c00       0x1c c:/siliconlabs/simplicitystudio/v4/developer/toolchains/gnu_arm/7.2_2017q4/bin/../lib/gcc/arm-none-eabi/7.2.1/../../../../arm-none-eabi/lib/thumb/v7-m\libnosys.a(sbrk.o)
                0x00006c00                _sbrk
 .text._exit    0x00006c1c        0x4 c:/siliconlabs/simplicitystudio/v4/developer/toolchains/gnu_arm/7.2_2017q4/bin/../lib/gcc/arm-none-eabi/7.2.1/../../../../arm-none-eabi/lib/thumb/v7-m\libnosys.a(_exit.o)
                0x00006c1c                _exit
 *(.init)
 .init          0x00006c20        0x4 c:/siliconlabs/simplicitystudio/v4/developer/toolchains/gnu_arm/7.2_2017q4/bin/../lib/gcc/arm-none-eabi/7.2.1/thumb/v7-m/crti.o
                0x00006c20                _init
 .init          0x00006c24        0x8 c:/siliconlabs/simplicitystudio/v4/developer/toolchains/gnu_arm/7.2_2017q4/bin/../lib/gcc/arm-none-eabi/7.2.1/thumb/v7-m/crtn.o
 *(.fini)
 .fini          0x00006c2c        0x4 c:/siliconlabs/simplicitystudio/v4/developer/toolchains/gnu_arm/7.2_2017q4/bin/../lib/gcc/arm-none-eabi/7.2.1/thumb/v7-m/crti.o
                0x00006c2c                _fini
 .fini          0x00006c30        0x8 c:/siliconlabs/simplicitystudio/v4/developer/toolchains/gnu_arm/7.2_2017q4/bin/../lib/gcc/arm-none-eabi/7.2.1/thumb/v7-m/crtn.o
 *crtbegin.o(.ctors)
 *crtbegin?.o(.ctors)
 *(EXCLUDE_FILE(*crtend.o *crtend?.o) .ctors)
 *(SORT_BY_NAME(.ctors.*))
 *(.ctors)
 *crtbegin.o(.dtors)
 *crtbegin?.o(.dtors)
 *(EXCLUDE_FILE(*crtend.o *crtend?.o) .dtors)
 *(SORT_BY_NAME(.dtors.*))
 *(.dtors)
 *(.rodata*)
 .rodata        0x00006c38       0x64 ./BSP/bsp_stk_leds.o
 .rodata.ledArray
                0x00006c9c       0x10 ./BSP/bsp_stk_leds.o
 .rodata        0x00006cac       0x13 ./Drivers/sleep.o
 *fill*         0x00006cbf        0x1 
 .rodata        0x00006cc0       0x1d ./FreeRTOS/efm32gg/heap_1.o
 *fill*         0x00006cdd        0x3 
 .rodata        0x00006ce0       0x1f ./FreeRTOS/efm32gg/port_gcc.o
 *fill*         0x00006cff        0x1 
 .rodata        0x00006d00       0x1c ./FreeRTOS/efm32gg/queue.o
 .rodata        0x00006d1c       0x21 ./FreeRTOS/efm32gg/tasks.o
 *fill*         0x00006d3d        0x3 
 .rodata        0x00006d40       0x2d ./FreeRTOS/efm32gg/timers.o
 *fill*         0x00006d6d        0x3 
 .rodata        0x00006d70       0x14 ./emlib/em_burtc.o
 .rodata        0x00006d84       0xde ./emlib/em_cmu.o
 *fill*         0x00006e62        0x2 
 .rodata        0x00006e64       0x77 ./emlib/em_gpio.o
 *fill*         0x00006edb        0x1 
 .rodata.i2cNSum
                0x00006edc        0x4 ./emlib/em_i2c.o
 .rodata        0x00006ee0       0x12 ./emlib/em_i2c.o
 *fill*         0x00006ef2        0x2 
 .rodata.resetCauseMasks
                0x00006ef4       0x80 ./emlib/em_rmu.o
 .rodata        0x00006f74       0x15 ./emlib/em_system.o
 *fill*         0x00006f89        0x3 
 .rodata        0x00006f8c       0x14 ./src/low_power_tick_management.o
 .rodata        0x00006fa0       0x3c ./src/main.o
 .rodata        0x00006fdc       0x1b ./src/myI2C.o
 *fill*         0x00006ff7        0x1 
 .rodata._global_impure_ptr
                0x00006ff8        0x4 c:/siliconlabs/simplicitystudio/v4/developer/toolchains/gnu_arm/7.2_2017q4/bin/../lib/gcc/arm-none-eabi/7.2.1/../../../../arm-none-eabi/lib/thumb/v7-m\libc_nano.a(lib_a-impure.o)
                0x00006ff8                _global_impure_ptr
 .rodata.__sf_fake_stderr
                0x00006ffc       0x20 c:/siliconlabs/simplicitystudio/v4/developer/toolchains/gnu_arm/7.2_2017q4/bin/../lib/gcc/arm-none-eabi/7.2.1/../../../../arm-none-eabi/lib/thumb/v7-m\libc_nano.a(lib_a-findfp.o)
                0x00006ffc                __sf_fake_stderr
 .rodata.__sf_fake_stdin
                0x0000701c       0x20 c:/siliconlabs/simplicitystudio/v4/developer/toolchains/gnu_arm/7.2_2017q4/bin/../lib/gcc/arm-none-eabi/7.2.1/../../../../arm-none-eabi/lib/thumb/v7-m\libc_nano.a(lib_a-findfp.o)
                0x0000701c                __sf_fake_stdin
 .rodata.__sf_fake_stdout
                0x0000703c       0x20 c:/siliconlabs/simplicitystudio/v4/developer/toolchains/gnu_arm/7.2_2017q4/bin/../lib/gcc/arm-none-eabi/7.2.1/../../../../arm-none-eabi/lib/thumb/v7-m\libc_nano.a(lib_a-findfp.o)
                0x0000703c                __sf_fake_stdout
 .rodata._vfprintf_r.str1.1
                0x0000705c       0x11 c:/siliconlabs/simplicitystudio/v4/developer/toolchains/gnu_arm/7.2_2017q4/bin/../lib/gcc/arm-none-eabi/7.2.1/../../../../arm-none-eabi/lib/thumb/v7-m\libc_nano.a(lib_a-nano-vfprintf.o)
 .rodata._printf_i.str1.1
                0x0000706d       0x22 c:/siliconlabs/simplicitystudio/v4/developer/toolchains/gnu_arm/7.2_2017q4/bin/../lib/gcc/arm-none-eabi/7.2.1/../../../../arm-none-eabi/lib/thumb/v7-m\libc_nano.a(lib_a-nano-vfprintf_i.o)
 *(.eh_frame*)
 *fill*         0x0000708f        0x1 
 .eh_frame      0x00007090        0x0 c:/siliconlabs/simplicitystudio/v4/developer/toolchains/gnu_arm/7.2_2017q4/bin/../lib/gcc/arm-none-eabi/7.2.1/thumb/v7-m/crtbegin.o
 .eh_frame      0x00007090        0x4 c:/siliconlabs/simplicitystudio/v4/developer/toolchains/gnu_arm/7.2_2017q4/bin/../lib/gcc/arm-none-eabi/7.2.1/thumb/v7-m/crtend.o

.glue_7         0x00007094        0x0
 .glue_7        0x00007094        0x0 linker stubs

.glue_7t        0x00007094        0x0
 .glue_7t       0x00007094        0x0 linker stubs

.vfp11_veneer   0x00007094        0x0
 .vfp11_veneer  0x00007094        0x0 linker stubs

.v4_bx          0x00007094        0x0
 .v4_bx         0x00007094        0x0 linker stubs

.iplt           0x00007094        0x0
 .iplt          0x00007094        0x0 c:/siliconlabs/simplicitystudio/v4/developer/toolchains/gnu_arm/7.2_2017q4/bin/../lib/gcc/arm-none-eabi/7.2.1/thumb/v7-m/crtbegin.o

.ARM.extab
 *(.ARM.extab* .gnu.linkonce.armextab.*)
                0x00007094                __exidx_start = .

.ARM.exidx      0x00007094        0x8
 *(.ARM.exidx* .gnu.linkonce.armexidx.*)
 .ARM.exidx     0x00007094        0x8 c:/siliconlabs/simplicitystudio/v4/developer/toolchains/gnu_arm/7.2_2017q4/bin/../lib/gcc/arm-none-eabi/7.2.1/../../../../arm-none-eabi/lib/thumb/v7-m/crt0.o
                0x0000709c                __exidx_end = .
                0x0000709c                __etext = .

.rel.dyn        0x0000709c        0x0
 .rel.iplt      0x0000709c        0x0 c:/siliconlabs/simplicitystudio/v4/developer/toolchains/gnu_arm/7.2_2017q4/bin/../lib/gcc/arm-none-eabi/7.2.1/thumb/v7-m/crtbegin.o

.data           0x20000000       0x7c load address 0x0000709c
                0x20000000                __data_start__ = .
 *(vtable)
 *(.data*)
 .data.SystemHFXOClock
                0x20000000        0x4 ./CMSIS/EFM32GG/system_efm32gg.o
 .data.SystemLFXOClock
                0x20000004        0x4 ./CMSIS/EFM32GG/system_efm32gg.o
 .data.SystemCoreClock
                0x20000008        0x4 ./CMSIS/EFM32GG/system_efm32gg.o
                0x20000008                SystemCoreClock
 .data.uxCriticalNesting
                0x2000000c        0x4 ./FreeRTOS/efm32gg/port_gcc.o
 .data._impure_ptr
                0x20000010        0x4 c:/siliconlabs/simplicitystudio/v4/developer/toolchains/gnu_arm/7.2_2017q4/bin/../lib/gcc/arm-none-eabi/7.2.1/../../../../arm-none-eabi/lib/thumb/v7-m\libc_nano.a(lib_a-impure.o)
                0x20000010                _impure_ptr
 .data.impure_data
                0x20000014       0x60 c:/siliconlabs/simplicitystudio/v4/developer/toolchains/gnu_arm/7.2_2017q4/bin/../lib/gcc/arm-none-eabi/7.2.1/../../../../arm-none-eabi/lib/thumb/v7-m\libc_nano.a(lib_a-impure.o)
                0x20000074                . = ALIGN (0x4)
                [!provide]                PROVIDE (__ram_func_section_start, .)
 *(.ram)
                [!provide]                PROVIDE (__ram_func_section_end, .)
                0x20000074                . = ALIGN (0x4)
                0x20000074                PROVIDE (__preinit_array_start, .)
 *(.preinit_array)
                0x20000074                PROVIDE (__preinit_array_end, .)
                0x20000074                . = ALIGN (0x4)
                0x20000074                PROVIDE (__init_array_start, .)
 *(SORT_BY_NAME(.init_array.*))
 *(.init_array)
 .init_array    0x20000074        0x4 c:/siliconlabs/simplicitystudio/v4/developer/toolchains/gnu_arm/7.2_2017q4/bin/../lib/gcc/arm-none-eabi/7.2.1/thumb/v7-m/crtbegin.o
                0x20000078                PROVIDE (__init_array_end, .)
                0x20000078                . = ALIGN (0x4)
                [!provide]                PROVIDE (__fini_array_start, .)
 *(SORT_BY_NAME(.fini_array.*))
 *(.fini_array)
 .fini_array    0x20000078        0x4 c:/siliconlabs/simplicitystudio/v4/developer/toolchains/gnu_arm/7.2_2017q4/bin/../lib/gcc/arm-none-eabi/7.2.1/thumb/v7-m/crtbegin.o
                [!provide]                PROVIDE (__fini_array_end, .)
 *(.jcr*)
                0x2000007c                . = ALIGN (0x4)
                0x2000007c                __data_end__ = .

.igot.plt       0x2000007c        0x0 load address 0x00007118
 .igot.plt      0x2000007c        0x0 c:/siliconlabs/simplicitystudio/v4/developer/toolchains/gnu_arm/7.2_2017q4/bin/../lib/gcc/arm-none-eabi/7.2.1/thumb/v7-m/crtbegin.o

.bss            0x2000007c     0x2510 load address 0x00007118
                0x2000007c                . = ALIGN (0x4)
                0x2000007c                __bss_start__ = .
 *(.bss*)
 .bss           0x2000007c       0x1c c:/siliconlabs/simplicitystudio/v4/developer/toolchains/gnu_arm/7.2_2017q4/bin/../lib/gcc/arm-none-eabi/7.2.1/thumb/v7-m/crtbegin.o
 .bss.sleepContext
                0x20000098        0xc ./Drivers/sleep.o
 .bss.sleepCallback
                0x200000a4        0x4 ./Drivers/sleep.o
 .bss.sleepBlockCnt
                0x200000a8        0x2 ./Drivers/sleep.o
 *fill*         0x200000aa        0x2 
 .bss.ucHeap    0x200000ac     0x2328 ./FreeRTOS/efm32gg/heap_1.o
 .bss.xNextFreeByte
                0x200023d4        0x4 ./FreeRTOS/efm32gg/heap_1.o
 .bss.pucAlignedHeap.4479
                0x200023d8        0x4 ./FreeRTOS/efm32gg/heap_1.o
 .bss.ucMaxSysCallPriority
                0x200023dc        0x1 ./FreeRTOS/efm32gg/port_gcc.o
 *fill*         0x200023dd        0x3 
 .bss.ulMaxPRIGROUPValue
                0x200023e0        0x4 ./FreeRTOS/efm32gg/port_gcc.o
 .bss.pxCurrentTCB
                0x200023e4        0x4 ./FreeRTOS/efm32gg/tasks.o
                0x200023e4                pxCurrentTCB
 .bss.pxReadyTasksLists
                0x200023e8       0x3c ./FreeRTOS/efm32gg/tasks.o
 .bss.xDelayedTaskList1
                0x20002424       0x14 ./FreeRTOS/efm32gg/tasks.o
 .bss.xDelayedTaskList2
                0x20002438       0x14 ./FreeRTOS/efm32gg/tasks.o
 .bss.pxDelayedTaskList
                0x2000244c        0x4 ./FreeRTOS/efm32gg/tasks.o
 .bss.pxOverflowDelayedTaskList
                0x20002450        0x4 ./FreeRTOS/efm32gg/tasks.o
 .bss.xPendingReadyList
                0x20002454       0x14 ./FreeRTOS/efm32gg/tasks.o
 .bss.xTasksWaitingTermination
                0x20002468       0x14 ./FreeRTOS/efm32gg/tasks.o
 .bss.uxDeletedTasksWaitingCleanUp
                0x2000247c        0x4 ./FreeRTOS/efm32gg/tasks.o
 .bss.xSuspendedTaskList
                0x20002480       0x14 ./FreeRTOS/efm32gg/tasks.o
 .bss.uxCurrentNumberOfTasks
                0x20002494        0x4 ./FreeRTOS/efm32gg/tasks.o
 .bss.xTickCount
                0x20002498        0x4 ./FreeRTOS/efm32gg/tasks.o
 .bss.uxTopReadyPriority
                0x2000249c        0x4 ./FreeRTOS/efm32gg/tasks.o
 .bss.xSchedulerRunning
                0x200024a0        0x4 ./FreeRTOS/efm32gg/tasks.o
 .bss.uxPendedTicks
                0x200024a4        0x4 ./FreeRTOS/efm32gg/tasks.o
 .bss.xYieldPending
                0x200024a8        0x4 ./FreeRTOS/efm32gg/tasks.o
 .bss.xNumOfOverflows
                0x200024ac        0x4 ./FreeRTOS/efm32gg/tasks.o
 .bss.uxTaskNumber
                0x200024b0        0x4 ./FreeRTOS/efm32gg/tasks.o
 .bss.xNextTaskUnblockTime
                0x200024b4        0x4 ./FreeRTOS/efm32gg/tasks.o
 .bss.xIdleTaskHandle
                0x200024b8        0x4 ./FreeRTOS/efm32gg/tasks.o
 .bss.uxSchedulerSuspended
                0x200024bc        0x4 ./FreeRTOS/efm32gg/tasks.o
 .bss.xActiveTimerList1
                0x200024c0       0x14 ./FreeRTOS/efm32gg/timers.o
 .bss.xActiveTimerList2
                0x200024d4       0x14 ./FreeRTOS/efm32gg/timers.o
 .bss.pxCurrentTimerList
                0x200024e8        0x4 ./FreeRTOS/efm32gg/timers.o
 .bss.pxOverflowTimerList
                0x200024ec        0x4 ./FreeRTOS/efm32gg/timers.o
 .bss.xTimerQueue
                0x200024f0        0x4 ./FreeRTOS/efm32gg/timers.o
 .bss.xTimerTaskHandle
                0x200024f4        0x4 ./FreeRTOS/efm32gg/timers.o
 .bss.xLastTime.4762
                0x200024f8        0x4 ./FreeRTOS/efm32gg/timers.o
 .bss.cmuStatus.5801
                0x200024fc        0x4 ./emlib/em_emu.o
 .bss.hfClock.5802
                0x20002500        0x1 ./emlib/em_emu.o
 *fill*         0x20002501        0x3 
 .bss.i2cTransfer
                0x20002504       0x18 ./emlib/em_i2c.o
 .bss.device_addr
                0x2000251c        0x1 ./src/myI2C.o
 *fill*         0x2000251d        0x3 
 .bss.__malloc_free_list
                0x20002520        0x4 c:/siliconlabs/simplicitystudio/v4/developer/toolchains/gnu_arm/7.2_2017q4/bin/../lib/gcc/arm-none-eabi/7.2.1/../../../../arm-none-eabi/lib/thumb/v7-m\libc_nano.a(lib_a-nano-mallocr.o)
                0x20002520                __malloc_free_list
 .bss.__malloc_sbrk_start
                0x20002524        0x4 c:/siliconlabs/simplicitystudio/v4/developer/toolchains/gnu_arm/7.2_2017q4/bin/../lib/gcc/arm-none-eabi/7.2.1/../../../../arm-none-eabi/lib/thumb/v7-m\libc_nano.a(lib_a-nano-mallocr.o)
                0x20002524                __malloc_sbrk_start
 .bss.heap_end.4102
                0x20002528        0x4 c:/siliconlabs/simplicitystudio/v4/developer/toolchains/gnu_arm/7.2_2017q4/bin/../lib/gcc/arm-none-eabi/7.2.1/../../../../arm-none-eabi/lib/thumb/v7-m\libnosys.a(sbrk.o)
 *(COMMON)
 COMMON         0x2000252c       0x50 ./FreeRTOS/efm32gg/queue.o
                0x2000252c                xQueueRegistry
 COMMON         0x2000257c        0x8 ./src/main.o
                0x2000257c                rData
                0x20002580                rTemp
 COMMON         0x20002584        0x4 ./src/myI2C.o
                0x20002584                xSemaphore
 COMMON         0x20002588        0x4 c:/siliconlabs/simplicitystudio/v4/developer/toolchains/gnu_arm/7.2_2017q4/bin/../lib/gcc/arm-none-eabi/7.2.1/../../../../arm-none-eabi/lib/thumb/v7-m\libc_nano.a(lib_a-reent.o)
                0x20002588                errno
                0x2000258c                . = ALIGN (0x4)
                0x2000258c                __bss_end__ = .

.heap           0x20002590      0xc00
                0x20002590                __HeapBase = .
                0x20002590                __end__ = .
                0x20002590                end = __end__
                0x20002590                _end = __end__
 *(.heap*)
 .heap          0x20002590      0xc00 ./CMSIS/EFM32GG/startup_gcc_efm32gg.o
                0x20003190                __HeapLimit = .

.stack_dummy    0x20002590      0x400
 *(.stack*)
 .stack         0x20002590      0x400 ./CMSIS/EFM32GG/startup_gcc_efm32gg.o
                0x20020000                __StackTop = (ORIGIN (RAM) + LENGTH (RAM))
                0x2001fc00                __StackLimit = (__StackTop - SIZEOF (.stack_dummy))
                0x20020000                PROVIDE (__stack, __StackTop)
                0x00000001                ASSERT ((__StackLimit >= __HeapLimit), region RAM overflowed with stack)
                0x00000001                ASSERT ((LENGTH (FLASH) >= (__etext + SIZEOF (.data))), FLASH memory overflowed !)
OUTPUT(EFM32_Base.axf elf32-littlearm)

.ARM.attributes
                0x00000000       0x29
 .ARM.attributes
                0x00000000       0x1d c:/siliconlabs/simplicitystudio/v4/developer/toolchains/gnu_arm/7.2_2017q4/bin/../lib/gcc/arm-none-eabi/7.2.1/thumb/v7-m/crti.o
 .ARM.attributes
                0x0000001d       0x2d c:/siliconlabs/simplicitystudio/v4/developer/toolchains/gnu_arm/7.2_2017q4/bin/../lib/gcc/arm-none-eabi/7.2.1/thumb/v7-m/crtbegin.o
 .ARM.attributes
                0x0000004a       0x1b c:/siliconlabs/simplicitystudio/v4/developer/toolchains/gnu_arm/7.2_2017q4/bin/../lib/gcc/arm-none-eabi/7.2.1/../../../../arm-none-eabi/lib/thumb/v7-m/crt0.o
 .ARM.attributes
                0x00000065       0x33 ./BSP/bsp_print.o
 .ARM.attributes
                0x00000098       0x33 ./BSP/bsp_stk_leds.o
 .ARM.attributes
                0x000000cb       0x1b ./CMSIS/EFM32GG/startup_gcc_efm32gg.o
 .ARM.attributes
                0x000000e6       0x33 ./CMSIS/EFM32GG/system_efm32gg.o
 .ARM.attributes
                0x00000119       0x33 ./Drivers/sleep.o
 .ARM.attributes
                0x0000014c       0x33 ./FreeRTOS/efm32gg/heap_1.o
 .ARM.attributes
                0x0000017f       0x33 ./FreeRTOS/efm32gg/list.o
 .ARM.attributes
                0x000001b2       0x33 ./FreeRTOS/efm32gg/port_gcc.o
 .ARM.attributes
                0x000001e5       0x33 ./FreeRTOS/efm32gg/queue.o
 .ARM.attributes
                0x00000218       0x33 ./FreeRTOS/efm32gg/tasks.o
 .ARM.attributes
                0x0000024b       0x33 ./FreeRTOS/efm32gg/timers.o
 .ARM.attributes
                0x0000027e       0x33 ./emlib/em_assert.o
 .ARM.attributes
                0x000002b1       0x33 ./emlib/em_burtc.o
 .ARM.attributes
                0x000002e4       0x33 ./emlib/em_cmu.o
 .ARM.attributes
                0x00000317       0x33 ./emlib/em_core.o
 .ARM.attributes
                0x0000034a       0x33 ./emlib/em_emu.o
 .ARM.attributes
                0x0000037d       0x33 ./emlib/em_gpio.o
 .ARM.attributes
                0x000003b0       0x33 ./emlib/em_i2c.o
 .ARM.attributes
                0x000003e3       0x33 ./emlib/em_rmu.o
 .ARM.attributes
                0x00000416       0x33 ./emlib/em_system.o
 .ARM.attributes
                0x00000449       0x33 ./src/low_power_tick_management.o
 .ARM.attributes
                0x0000047c       0x33 ./src/main.o
 .ARM.attributes
                0x000004af       0x33 ./src/myI2C.o
 .ARM.attributes
                0x000004e2       0x1d c:/siliconlabs/simplicitystudio/v4/developer/toolchains/gnu_arm/7.2_2017q4/bin/../lib/gcc/arm-none-eabi/7.2.1/thumb/v7-m\libgcc.a(_arm_addsubdf3.o)
 .ARM.attributes
                0x000004ff       0x1d c:/siliconlabs/simplicitystudio/v4/developer/toolchains/gnu_arm/7.2_2017q4/bin/../lib/gcc/arm-none-eabi/7.2.1/thumb/v7-m\libgcc.a(_arm_muldivdf3.o)
 .ARM.attributes
                0x0000051c       0x1d c:/siliconlabs/simplicitystudio/v4/developer/toolchains/gnu_arm/7.2_2017q4/bin/../lib/gcc/arm-none-eabi/7.2.1/thumb/v7-m\libgcc.a(_arm_cmpdf2.o)
 .ARM.attributes
                0x00000539       0x2d c:/siliconlabs/simplicitystudio/v4/developer/toolchains/gnu_arm/7.2_2017q4/bin/../lib/gcc/arm-none-eabi/7.2.1/../../../../arm-none-eabi/lib/thumb/v7-m\libc_nano.a(lib_a-exit.o)
 .ARM.attributes
                0x00000566       0x2d c:/siliconlabs/simplicitystudio/v4/developer/toolchains/gnu_arm/7.2_2017q4/bin/../lib/gcc/arm-none-eabi/7.2.1/../../../../arm-none-eabi/lib/thumb/v7-m\libc_nano.a(lib_a-impure.o)
 .ARM.attributes
                0x00000593       0x2d c:/siliconlabs/simplicitystudio/v4/developer/toolchains/gnu_arm/7.2_2017q4/bin/../lib/gcc/arm-none-eabi/7.2.1/../../../../arm-none-eabi/lib/thumb/v7-m\libc_nano.a(lib_a-init.o)
 .ARM.attributes
                0x000005c0       0x2d c:/siliconlabs/simplicitystudio/v4/developer/toolchains/gnu_arm/7.2_2017q4/bin/../lib/gcc/arm-none-eabi/7.2.1/../../../../arm-none-eabi/lib/thumb/v7-m\libc_nano.a(lib_a-memcpy-stub.o)
 .ARM.attributes
                0x000005ed       0x2d c:/siliconlabs/simplicitystudio/v4/developer/toolchains/gnu_arm/7.2_2017q4/bin/../lib/gcc/arm-none-eabi/7.2.1/../../../../arm-none-eabi/lib/thumb/v7-m\libc_nano.a(lib_a-memset.o)
 .ARM.attributes
                0x0000061a       0x2d c:/siliconlabs/simplicitystudio/v4/developer/toolchains/gnu_arm/7.2_2017q4/bin/../lib/gcc/arm-none-eabi/7.2.1/../../../../arm-none-eabi/lib/thumb/v7-m\libc_nano.a(lib_a-printf.o)
 .ARM.attributes
                0x00000647       0x2d c:/siliconlabs/simplicitystudio/v4/developer/toolchains/gnu_arm/7.2_2017q4/bin/../lib/gcc/arm-none-eabi/7.2.1/../../../../arm-none-eabi/lib/thumb/v7-m\libc_nano.a(lib_a-rand.o)
 .ARM.attributes
                0x00000674       0x2d c:/siliconlabs/simplicitystudio/v4/developer/toolchains/gnu_arm/7.2_2017q4/bin/../lib/gcc/arm-none-eabi/7.2.1/../../../../arm-none-eabi/lib/thumb/v7-m\libc_nano.a(lib_a-findfp.o)
 .ARM.attributes
                0x000006a1       0x2d c:/siliconlabs/simplicitystudio/v4/developer/toolchains/gnu_arm/7.2_2017q4/bin/../lib/gcc/arm-none-eabi/7.2.1/../../../../arm-none-eabi/lib/thumb/v7-m\libc_nano.a(lib_a-fwalk.o)
 .ARM.attributes
                0x000006ce       0x2d c:/siliconlabs/simplicitystudio/v4/developer/toolchains/gnu_arm/7.2_2017q4/bin/../lib/gcc/arm-none-eabi/7.2.1/../../../../arm-none-eabi/lib/thumb/v7-m\libc_nano.a(lib_a-malloc.o)
 .ARM.attributes
                0x000006fb       0x2d c:/siliconlabs/simplicitystudio/v4/developer/toolchains/gnu_arm/7.2_2017q4/bin/../lib/gcc/arm-none-eabi/7.2.1/../../../../arm-none-eabi/lib/thumb/v7-m\libc_nano.a(lib_a-nano-freer.o)
 .ARM.attributes
                0x00000728       0x2d c:/siliconlabs/simplicitystudio/v4/developer/toolchains/gnu_arm/7.2_2017q4/bin/../lib/gcc/arm-none-eabi/7.2.1/../../../../arm-none-eabi/lib/thumb/v7-m\libc_nano.a(lib_a-nano-mallocr.o)
 .ARM.attributes
                0x00000755       0x2d c:/siliconlabs/simplicitystudio/v4/developer/toolchains/gnu_arm/7.2_2017q4/bin/../lib/gcc/arm-none-eabi/7.2.1/../../../../arm-none-eabi/lib/thumb/v7-m\libc_nano.a(lib_a-nano-vfprintf.o)
 .ARM.attributes
                0x00000782       0x2d c:/siliconlabs/simplicitystudio/v4/developer/toolchains/gnu_arm/7.2_2017q4/bin/../lib/gcc/arm-none-eabi/7.2.1/../../../../arm-none-eabi/lib/thumb/v7-m\libc_nano.a(lib_a-nano-vfprintf_i.o)
 .ARM.attributes
                0x000007af       0x2d c:/siliconlabs/simplicitystudio/v4/developer/toolchains/gnu_arm/7.2_2017q4/bin/../lib/gcc/arm-none-eabi/7.2.1/../../../../arm-none-eabi/lib/thumb/v7-m\libc_nano.a(lib_a-sbrkr.o)
 .ARM.attributes
                0x000007dc       0x2d c:/siliconlabs/simplicitystudio/v4/developer/toolchains/gnu_arm/7.2_2017q4/bin/../lib/gcc/arm-none-eabi/7.2.1/../../../../arm-none-eabi/lib/thumb/v7-m\libc_nano.a(lib_a-stdio.o)
 .ARM.attributes
                0x00000809       0x2d c:/siliconlabs/simplicitystudio/v4/developer/toolchains/gnu_arm/7.2_2017q4/bin/../lib/gcc/arm-none-eabi/7.2.1/../../../../arm-none-eabi/lib/thumb/v7-m\libc_nano.a(lib_a-wbuf.o)
 .ARM.attributes
                0x00000836       0x2d c:/siliconlabs/simplicitystudio/v4/developer/toolchains/gnu_arm/7.2_2017q4/bin/../lib/gcc/arm-none-eabi/7.2.1/../../../../arm-none-eabi/lib/thumb/v7-m\libc_nano.a(lib_a-writer.o)
 .ARM.attributes
                0x00000863       0x2d c:/siliconlabs/simplicitystudio/v4/developer/toolchains/gnu_arm/7.2_2017q4/bin/../lib/gcc/arm-none-eabi/7.2.1/../../../../arm-none-eabi/lib/thumb/v7-m\libc_nano.a(lib_a-wsetup.o)
 .ARM.attributes
                0x00000890       0x2d c:/siliconlabs/simplicitystudio/v4/developer/toolchains/gnu_arm/7.2_2017q4/bin/../lib/gcc/arm-none-eabi/7.2.1/../../../../arm-none-eabi/lib/thumb/v7-m\libc_nano.a(lib_a-closer.o)
 .ARM.attributes
                0x000008bd       0x2d c:/siliconlabs/simplicitystudio/v4/developer/toolchains/gnu_arm/7.2_2017q4/bin/../lib/gcc/arm-none-eabi/7.2.1/../../../../arm-none-eabi/lib/thumb/v7-m\libc_nano.a(lib_a-fflush.o)
 .ARM.attributes
                0x000008ea       0x2d c:/siliconlabs/simplicitystudio/v4/developer/toolchains/gnu_arm/7.2_2017q4/bin/../lib/gcc/arm-none-eabi/7.2.1/../../../../arm-none-eabi/lib/thumb/v7-m\libc_nano.a(lib_a-lseekr.o)
 .ARM.attributes
                0x00000917       0x2d c:/siliconlabs/simplicitystudio/v4/developer/toolchains/gnu_arm/7.2_2017q4/bin/../lib/gcc/arm-none-eabi/7.2.1/../../../../arm-none-eabi/lib/thumb/v7-m\libc_nano.a(lib_a-makebuf.o)
 .ARM.attributes
                0x00000944       0x2d c:/siliconlabs/simplicitystudio/v4/developer/toolchains/gnu_arm/7.2_2017q4/bin/../lib/gcc/arm-none-eabi/7.2.1/../../../../arm-none-eabi/lib/thumb/v7-m\libc_nano.a(lib_a-memchr-stub.o)
 .ARM.attributes
                0x00000971       0x2d c:/siliconlabs/simplicitystudio/v4/developer/toolchains/gnu_arm/7.2_2017q4/bin/../lib/gcc/arm-none-eabi/7.2.1/../../../../arm-none-eabi/lib/thumb/v7-m\libc_nano.a(lib_a-mlock.o)
 .ARM.attributes
                0x0000099e       0x2d c:/siliconlabs/simplicitystudio/v4/developer/toolchains/gnu_arm/7.2_2017q4/bin/../lib/gcc/arm-none-eabi/7.2.1/../../../../arm-none-eabi/lib/thumb/v7-m\libc_nano.a(lib_a-readr.o)
 .ARM.attributes
                0x000009cb       0x2d c:/siliconlabs/simplicitystudio/v4/developer/toolchains/gnu_arm/7.2_2017q4/bin/../lib/gcc/arm-none-eabi/7.2.1/../../../../arm-none-eabi/lib/thumb/v7-m\libc_nano.a(lib_a-reent.o)
 .ARM.attributes
                0x000009f8       0x2d c:/siliconlabs/simplicitystudio/v4/developer/toolchains/gnu_arm/7.2_2017q4/bin/../lib/gcc/arm-none-eabi/7.2.1/../../../../arm-none-eabi/lib/thumb/v7-m\libc_nano.a(lib_a-fstatr.o)
 .ARM.attributes
                0x00000a25       0x2d c:/siliconlabs/simplicitystudio/v4/developer/toolchains/gnu_arm/7.2_2017q4/bin/../lib/gcc/arm-none-eabi/7.2.1/../../../../arm-none-eabi/lib/thumb/v7-m\libc_nano.a(lib_a-isattyr.o)
 .ARM.attributes
                0x00000a52       0x2d c:/siliconlabs/simplicitystudio/v4/developer/toolchains/gnu_arm/7.2_2017q4/bin/../lib/gcc/arm-none-eabi/7.2.1/../../../../arm-none-eabi/lib/thumb/v7-m\libnosys.a(close.o)
 .ARM.attributes
                0x00000a7f       0x2d c:/siliconlabs/simplicitystudio/v4/developer/toolchains/gnu_arm/7.2_2017q4/bin/../lib/gcc/arm-none-eabi/7.2.1/../../../../arm-none-eabi/lib/thumb/v7-m\libnosys.a(fstat.o)
 .ARM.attributes
                0x00000aac       0x2d c:/siliconlabs/simplicitystudio/v4/developer/toolchains/gnu_arm/7.2_2017q4/bin/../lib/gcc/arm-none-eabi/7.2.1/../../../../arm-none-eabi/lib/thumb/v7-m\libnosys.a(isatty.o)
 .ARM.attributes
                0x00000ad9       0x2d c:/siliconlabs/simplicitystudio/v4/developer/toolchains/gnu_arm/7.2_2017q4/bin/../lib/gcc/arm-none-eabi/7.2.1/../../../../arm-none-eabi/lib/thumb/v7-m\libnosys.a(lseek.o)
 .ARM.attributes
                0x00000b06       0x2d c:/siliconlabs/simplicitystudio/v4/developer/toolchains/gnu_arm/7.2_2017q4/bin/../lib/gcc/arm-none-eabi/7.2.1/../../../../arm-none-eabi/lib/thumb/v7-m\libnosys.a(read.o)
 .ARM.attributes
                0x00000b33       0x2d c:/siliconlabs/simplicitystudio/v4/developer/toolchains/gnu_arm/7.2_2017q4/bin/../lib/gcc/arm-none-eabi/7.2.1/../../../../arm-none-eabi/lib/thumb/v7-m\libnosys.a(sbrk.o)
 .ARM.attributes
                0x00000b60       0x2d c:/siliconlabs/simplicitystudio/v4/developer/toolchains/gnu_arm/7.2_2017q4/bin/../lib/gcc/arm-none-eabi/7.2.1/../../../../arm-none-eabi/lib/thumb/v7-m\libnosys.a(_exit.o)
 .ARM.attributes
                0x00000b8d       0x2d c:/siliconlabs/simplicitystudio/v4/developer/toolchains/gnu_arm/7.2_2017q4/bin/../lib/gcc/arm-none-eabi/7.2.1/thumb/v7-m/crtend.o
 .ARM.attributes
                0x00000bba       0x1d c:/siliconlabs/simplicitystudio/v4/developer/toolchains/gnu_arm/7.2_2017q4/bin/../lib/gcc/arm-none-eabi/7.2.1/thumb/v7-m/crtn.o

.comment        0x00000000       0x7e
 .comment       0x00000000       0x7e ./BSP/bsp_print.o
                                 0x7f (size before relaxing)
 .comment       0x0000007e       0x7f ./BSP/bsp_stk_leds.o
 .comment       0x0000007e       0x7f ./CMSIS/EFM32GG/system_efm32gg.o
 .comment       0x0000007e       0x7f ./Drivers/sleep.o
 .comment       0x0000007e       0x7f ./FreeRTOS/efm32gg/heap_1.o
 .comment       0x0000007e       0x7f ./FreeRTOS/efm32gg/list.o
 .comment       0x0000007e       0x7f ./FreeRTOS/efm32gg/port_gcc.o
 .comment       0x0000007e       0x7f ./FreeRTOS/efm32gg/queue.o
 .comment       0x0000007e       0x7f ./FreeRTOS/efm32gg/tasks.o
 .comment       0x0000007e       0x7f ./FreeRTOS/efm32gg/timers.o
 .comment       0x0000007e       0x7f ./emlib/em_assert.o
 .comment       0x0000007e       0x7f ./emlib/em_burtc.o
 .comment       0x0000007e       0x7f ./emlib/em_cmu.o
 .comment       0x0000007e       0x7f ./emlib/em_core.o
 .comment       0x0000007e       0x7f ./emlib/em_emu.o
 .comment       0x0000007e       0x7f ./emlib/em_gpio.o
 .comment       0x0000007e       0x7f ./emlib/em_i2c.o
 .comment       0x0000007e       0x7f ./emlib/em_rmu.o
 .comment       0x0000007e       0x7f ./emlib/em_system.o
 .comment       0x0000007e       0x7f ./src/low_power_tick_management.o
 .comment       0x0000007e       0x7f ./src/main.o
 .comment       0x0000007e       0x7f ./src/myI2C.o

.debug_info     0x00000000    0x118df
 .debug_info    0x00000000     0x14b8 ./BSP/bsp_print.o
 .debug_info    0x000014b8      0x845 ./BSP/bsp_stk_leds.o
 .debug_info    0x00001cfd       0x26 ./CMSIS/EFM32GG/startup_gcc_efm32gg.o
 .debug_info    0x00001d23      0x7a7 ./CMSIS/EFM32GG/system_efm32gg.o
 .debug_info    0x000024ca      0xee7 ./Drivers/sleep.o
 .debug_info    0x000033b1      0xa86 ./FreeRTOS/efm32gg/heap_1.o
 .debug_info    0x00003e37      0xbc6 ./FreeRTOS/efm32gg/list.o
 .debug_info    0x000049fd      0x3e1 ./FreeRTOS/efm32gg/port_gcc.o
 .debug_info    0x00004dde     0x179d ./FreeRTOS/efm32gg/queue.o
 .debug_info    0x0000657b     0x1f35 ./FreeRTOS/efm32gg/tasks.o
 .debug_info    0x000084b0     0x12b8 ./FreeRTOS/efm32gg/timers.o
 .debug_info    0x00009768       0x7e ./emlib/em_assert.o
 .debug_info    0x000097e6      0x6b5 ./emlib/em_burtc.o
 .debug_info    0x00009e9b     0x1624 ./emlib/em_cmu.o
 .debug_info    0x0000b4bf      0xda0 ./emlib/em_core.o
 .debug_info    0x0000c25f     0x118a ./emlib/em_emu.o
 .debug_info    0x0000d3e9      0x6f4 ./emlib/em_gpio.o
 .debug_info    0x0000dadd      0x970 ./emlib/em_i2c.o
 .debug_info    0x0000e44d      0x532 ./emlib/em_rmu.o
 .debug_info    0x0000e97f      0x2d6 ./emlib/em_system.o
 .debug_info    0x0000ec55      0xbd4 ./src/low_power_tick_management.o
 .debug_info    0x0000f829     0x106c ./src/main.o
 .debug_info    0x00010895     0x104a ./src/myI2C.o

.debug_abbrev   0x00000000     0x3126
 .debug_abbrev  0x00000000      0x249 ./BSP/bsp_print.o
 .debug_abbrev  0x00000249      0x1eb ./BSP/bsp_stk_leds.o
 .debug_abbrev  0x00000434       0x14 ./CMSIS/EFM32GG/startup_gcc_efm32gg.o
 .debug_abbrev  0x00000448      0x1eb ./CMSIS/EFM32GG/system_efm32gg.o
 .debug_abbrev  0x00000633      0x2b5 ./Drivers/sleep.o
 .debug_abbrev  0x000008e8      0x201 ./FreeRTOS/efm32gg/heap_1.o
 .debug_abbrev  0x00000ae9      0x1d1 ./FreeRTOS/efm32gg/list.o
 .debug_abbrev  0x00000cba      0x1d4 ./FreeRTOS/efm32gg/port_gcc.o
 .debug_abbrev  0x00000e8e      0x2cf ./FreeRTOS/efm32gg/queue.o
 .debug_abbrev  0x0000115d      0x363 ./FreeRTOS/efm32gg/tasks.o
 .debug_abbrev  0x000014c0      0x25e ./FreeRTOS/efm32gg/timers.o
 .debug_abbrev  0x0000171e       0x68 ./emlib/em_assert.o
 .debug_abbrev  0x00001786      0x226 ./emlib/em_burtc.o
 .debug_abbrev  0x000019ac      0x2ed ./emlib/em_cmu.o
 .debug_abbrev  0x00001c99      0x28f ./emlib/em_core.o
 .debug_abbrev  0x00001f28      0x2ad ./emlib/em_emu.o
 .debug_abbrev  0x000021d5      0x203 ./emlib/em_gpio.o
 .debug_abbrev  0x000023d8      0x278 ./emlib/em_i2c.o
 .debug_abbrev  0x00002650      0x231 ./emlib/em_rmu.o
 .debug_abbrev  0x00002881      0x153 ./emlib/em_system.o
 .debug_abbrev  0x000029d4      0x2b3 ./src/low_power_tick_management.o
 .debug_abbrev  0x00002c87      0x22d ./src/main.o
 .debug_abbrev  0x00002eb4      0x272 ./src/myI2C.o

.debug_loc      0x00000000     0x6056
 .debug_loc     0x00000000       0xf0 ./BSP/bsp_print.o
 .debug_loc     0x000000f0      0x3cc ./BSP/bsp_stk_leds.o
 .debug_loc     0x000004bc      0x31c ./CMSIS/EFM32GG/system_efm32gg.o
 .debug_loc     0x000007d8      0x2fc ./Drivers/sleep.o
 .debug_loc     0x00000ad4      0x128 ./FreeRTOS/efm32gg/heap_1.o
 .debug_loc     0x00000bfc      0x1cc ./FreeRTOS/efm32gg/list.o
 .debug_loc     0x00000dc8      0x294 ./FreeRTOS/efm32gg/port_gcc.o
 .debug_loc     0x0000105c      0x844 ./FreeRTOS/efm32gg/queue.o
 .debug_loc     0x000018a0      0xf44 ./FreeRTOS/efm32gg/tasks.o
 .debug_loc     0x000027e4      0x5ec ./FreeRTOS/efm32gg/timers.o
 .debug_loc     0x00002dd0       0x38 ./emlib/em_assert.o
 .debug_loc     0x00002e08      0x41c ./emlib/em_burtc.o
 .debug_loc     0x00003224      0xde0 ./emlib/em_cmu.o
 .debug_loc     0x00004004      0x844 ./emlib/em_core.o
 .debug_loc     0x00004848      0x7a8 ./emlib/em_emu.o
 .debug_loc     0x00004ff0      0x3e4 ./emlib/em_gpio.o
 .debug_loc     0x000053d4      0x3a0 ./emlib/em_i2c.o
 .debug_loc     0x00005774      0x23c ./emlib/em_rmu.o
 .debug_loc     0x000059b0       0xac ./emlib/em_system.o
 .debug_loc     0x00005a5c      0x2f4 ./src/low_power_tick_management.o
 .debug_loc     0x00005d50      0x1c6 ./src/main.o
 .debug_loc     0x00005f16      0x140 ./src/myI2C.o

.debug_aranges  0x00000000      0xc08
 .debug_aranges
                0x00000000       0x30 ./BSP/bsp_print.o
 .debug_aranges
                0x00000030       0x78 ./BSP/bsp_stk_leds.o
 .debug_aranges
                0x000000a8       0x20 ./CMSIS/EFM32GG/startup_gcc_efm32gg.o
 .debug_aranges
                0x000000c8       0x70 ./CMSIS/EFM32GG/system_efm32gg.o
 .debug_aranges
                0x00000138       0x68 ./Drivers/sleep.o
 .debug_aranges
                0x000001a0       0x38 ./FreeRTOS/efm32gg/heap_1.o
 .debug_aranges
                0x000001d8       0x40 ./FreeRTOS/efm32gg/list.o
 .debug_aranges
                0x00000218       0x78 ./FreeRTOS/efm32gg/port_gcc.o
 .debug_aranges
                0x00000290       0xe8 ./FreeRTOS/efm32gg/queue.o
 .debug_aranges
                0x00000378      0x1a0 ./FreeRTOS/efm32gg/tasks.o
 .debug_aranges
                0x00000518       0xb8 ./FreeRTOS/efm32gg/timers.o
 .debug_aranges
                0x000005d0       0x20 ./emlib/em_assert.o
 .debug_aranges
                0x000005f0       0x80 ./emlib/em_burtc.o
 .debug_aranges
                0x00000670      0x180 ./emlib/em_cmu.o
 .debug_aranges
                0x000007f0       0xe8 ./emlib/em_core.o
 .debug_aranges
                0x000008d8       0xe8 ./emlib/em_emu.o
 .debug_aranges
                0x000009c0       0x78 ./emlib/em_gpio.o
 .debug_aranges
                0x00000a38       0x70 ./emlib/em_i2c.o
 .debug_aranges
                0x00000aa8       0x50 ./emlib/em_rmu.o
 .debug_aranges
                0x00000af8       0x28 ./emlib/em_system.o
 .debug_aranges
                0x00000b20       0x60 ./src/low_power_tick_management.o
 .debug_aranges
                0x00000b80       0x50 ./src/main.o
 .debug_aranges
                0x00000bd0       0x38 ./src/myI2C.o

.debug_ranges   0x00000000      0xaa0
 .debug_ranges  0x00000000       0x20 ./BSP/bsp_print.o
 .debug_ranges  0x00000020       0x68 ./BSP/bsp_stk_leds.o
 .debug_ranges  0x00000088       0x60 ./CMSIS/EFM32GG/system_efm32gg.o
 .debug_ranges  0x000000e8       0x58 ./Drivers/sleep.o
 .debug_ranges  0x00000140       0x28 ./FreeRTOS/efm32gg/heap_1.o
 .debug_ranges  0x00000168       0x30 ./FreeRTOS/efm32gg/list.o
 .debug_ranges  0x00000198       0x68 ./FreeRTOS/efm32gg/port_gcc.o
 .debug_ranges  0x00000200       0xd8 ./FreeRTOS/efm32gg/queue.o
 .debug_ranges  0x000002d8      0x190 ./FreeRTOS/efm32gg/tasks.o
 .debug_ranges  0x00000468       0xa8 ./FreeRTOS/efm32gg/timers.o
 .debug_ranges  0x00000510       0x10 ./emlib/em_assert.o
 .debug_ranges  0x00000520       0x70 ./emlib/em_burtc.o
 .debug_ranges  0x00000590      0x170 ./emlib/em_cmu.o
 .debug_ranges  0x00000700       0xd8 ./emlib/em_core.o
 .debug_ranges  0x000007d8       0xd8 ./emlib/em_emu.o
 .debug_ranges  0x000008b0       0x68 ./emlib/em_gpio.o
 .debug_ranges  0x00000918       0x78 ./emlib/em_i2c.o
 .debug_ranges  0x00000990       0x40 ./emlib/em_rmu.o
 .debug_ranges  0x000009d0       0x18 ./emlib/em_system.o
 .debug_ranges  0x000009e8       0x50 ./src/low_power_tick_management.o
 .debug_ranges  0x00000a38       0x40 ./src/main.o
 .debug_ranges  0x00000a78       0x28 ./src/myI2C.o

.debug_macro    0x00000000    0x27894
 .debug_macro   0x00000000      0x380 ./BSP/bsp_print.o
 .debug_macro   0x00000380      0xa54 ./BSP/bsp_print.o
 .debug_macro   0x00000dd4      0x39b ./BSP/bsp_print.o
 .debug_macro   0x0000116f       0x22 ./BSP/bsp_print.o
 .debug_macro   0x00001191       0x4f ./BSP/bsp_print.o
 .debug_macro   0x000011e0       0x51 ./BSP/bsp_print.o
 .debug_macro   0x00001231       0xef ./BSP/bsp_print.o
 .debug_macro   0x00001320       0x6a ./BSP/bsp_print.o
 .debug_macro   0x0000138a      0x1df ./BSP/bsp_print.o
 .debug_macro   0x00001569       0x1c ./BSP/bsp_print.o
 .debug_macro   0x00001585       0x22 ./BSP/bsp_print.o
 .debug_macro   0x000015a7       0xc3 ./BSP/bsp_print.o
 .debug_macro   0x0000166a      0xe18 ./BSP/bsp_print.o
 .debug_macro   0x00002482       0xe2 ./BSP/bsp_print.o
 .debug_macro   0x00002564     0x2869 ./BSP/bsp_print.o
 .debug_macro   0x00004dcd      0x39e ./BSP/bsp_print.o
 .debug_macro   0x0000516b     0x3f12 ./BSP/bsp_print.o
 .debug_macro   0x0000907d      0x9a4 ./BSP/bsp_print.o
 .debug_macro   0x00009a21      0x6eb ./BSP/bsp_print.o
 .debug_macro   0x0000a10c      0x283 ./BSP/bsp_print.o
 .debug_macro   0x0000a38f     0x1e37 ./BSP/bsp_print.o
 .debug_macro   0x0000c1c6     0x30cb ./BSP/bsp_print.o
 .debug_macro   0x0000f291      0x37f ./BSP/bsp_print.o
 .debug_macro   0x0000f610      0x855 ./BSP/bsp_print.o
 .debug_macro   0x0000fe65     0x230f ./BSP/bsp_print.o
 .debug_macro   0x00012174     0x1bf6 ./BSP/bsp_print.o
 .debug_macro   0x00013d6a     0x1709 ./BSP/bsp_print.o
 .debug_macro   0x00015473      0x6d8 ./BSP/bsp_print.o
 .debug_macro   0x00015b4b     0x106a ./BSP/bsp_print.o
 .debug_macro   0x00016bb5     0x1d83 ./BSP/bsp_print.o
 .debug_macro   0x00018938      0x33d ./BSP/bsp_print.o
 .debug_macro   0x00018c75      0xa66 ./BSP/bsp_print.o
 .debug_macro   0x000196db      0xfe0 ./BSP/bsp_print.o
 .debug_macro   0x0001a6bb      0x894 ./BSP/bsp_print.o
 .debug_macro   0x0001af4f      0xf85 ./BSP/bsp_print.o
 .debug_macro   0x0001bed4     0x12a5 ./BSP/bsp_print.o
 .debug_macro   0x0001d179      0xc4a ./BSP/bsp_print.o
 .debug_macro   0x0001ddc3      0x74d ./BSP/bsp_print.o
 .debug_macro   0x0001e510      0x1c9 ./BSP/bsp_print.o
 .debug_macro   0x0001e6d9     0x1041 ./BSP/bsp_print.o
 .debug_macro   0x0001f71a      0x280 ./BSP/bsp_print.o
 .debug_macro   0x0001f99a       0x40 ./BSP/bsp_print.o
 .debug_macro   0x0001f9da      0x250 ./BSP/bsp_print.o
 .debug_macro   0x0001fc2a      0x1f0 ./BSP/bsp_print.o
 .debug_macro   0x0001fe1a      0x166 ./BSP/bsp_print.o
 .debug_macro   0x0001ff80      0x252 ./BSP/bsp_print.o
 .debug_macro   0x000201d2     0x1bd7 ./BSP/bsp_print.o
 .debug_macro   0x00021da9       0x2e ./BSP/bsp_print.o
 .debug_macro   0x00021dd7      0x427 ./BSP/bsp_print.o
 .debug_macro   0x000221fe      0x427 ./BSP/bsp_print.o
 .debug_macro   0x00022625       0x22 ./BSP/bsp_print.o
 .debug_macro   0x00022647       0x16 ./BSP/bsp_print.o
 .debug_macro   0x0002265d       0x58 ./BSP/bsp_print.o
 .debug_macro   0x000226b5       0x17 ./BSP/bsp_print.o
 .debug_macro   0x000226cc       0x35 ./BSP/bsp_print.o
 .debug_macro   0x00022701       0x9c ./BSP/bsp_print.o
 .debug_macro   0x0002279d       0x16 ./BSP/bsp_print.o
 .debug_macro   0x000227b3       0x97 ./BSP/bsp_print.o
 .debug_macro   0x0002284a      0x34d ./BSP/bsp_print.o
 .debug_macro   0x00022b97       0xf6 ./BSP/bsp_print.o
 .debug_macro   0x00022c8d       0x10 ./BSP/bsp_print.o
 .debug_macro   0x00022c9d       0x58 ./BSP/bsp_print.o
 .debug_macro   0x00022cf5       0x1f ./BSP/bsp_print.o
 .debug_macro   0x00022d14       0x43 ./BSP/bsp_print.o
 .debug_macro   0x00022d57       0x20 ./BSP/bsp_print.o
 .debug_macro   0x00022d77      0x18e ./BSP/bsp_print.o
 .debug_macro   0x00022f05       0x10 ./BSP/bsp_print.o
 .debug_macro   0x00022f15       0xb6 ./BSP/bsp_print.o
 .debug_macro   0x00022fcb       0x16 ./BSP/bsp_print.o
 .debug_macro   0x00022fe1      0x129 ./BSP/bsp_print.o
 .debug_macro   0x0002310a      0x2fd ./BSP/bsp_stk_leds.o
 .debug_macro   0x00023407       0x10 ./BSP/bsp_stk_leds.o
 .debug_macro   0x00023417       0xcc ./BSP/bsp_stk_leds.o
 .debug_macro   0x000234e3       0x69 ./BSP/bsp_stk_leds.o
 .debug_macro   0x0002354c      0x330 ./BSP/bsp_stk_leds.o
 .debug_macro   0x0002387c       0xb2 ./BSP/bsp_stk_leds.o
 .debug_macro   0x0002392e       0x76 ./BSP/bsp_stk_leds.o
 .debug_macro   0x000239a4       0xf1 ./BSP/bsp_stk_leds.o
 .debug_macro   0x00023a95       0x3a ./BSP/bsp_stk_leds.o
 .debug_macro   0x00023acf      0x28e ./CMSIS/EFM32GG/system_efm32gg.o
 .debug_macro   0x00023d5d      0x396 ./Drivers/sleep.o
 .debug_macro   0x000240f3       0x63 ./Drivers/sleep.o
 .debug_macro   0x00024156       0xba ./Drivers/sleep.o
 .debug_macro   0x00024210       0x11 ./Drivers/sleep.o
 .debug_macro   0x00024221       0x19 ./Drivers/sleep.o
 .debug_macro   0x0002423a       0x2d ./Drivers/sleep.o
 .debug_macro   0x00024267       0x16 ./Drivers/sleep.o
 .debug_macro   0x0002427d      0x10e ./Drivers/sleep.o
 .debug_macro   0x0002438b       0x86 ./Drivers/sleep.o
 .debug_macro   0x00024411       0x22 ./Drivers/sleep.o
 .debug_macro   0x00024433      0x1a3 ./FreeRTOS/efm32gg/heap_1.o
 .debug_macro   0x000245d6      0x182 ./FreeRTOS/efm32gg/list.o
 .debug_macro   0x00024758      0x187 ./FreeRTOS/efm32gg/port_gcc.o
 .debug_macro   0x000248df      0x1f6 ./FreeRTOS/efm32gg/queue.o
 .debug_macro   0x00024ad5       0x16 ./FreeRTOS/efm32gg/queue.o
 .debug_macro   0x00024aeb       0x35 ./FreeRTOS/efm32gg/queue.o
 .debug_macro   0x00024b20       0x95 ./FreeRTOS/efm32gg/queue.o
 .debug_macro   0x00024bb5      0x258 ./FreeRTOS/efm32gg/tasks.o
 .debug_macro   0x00024e0d       0x11 ./FreeRTOS/efm32gg/tasks.o
 .debug_macro   0x00024e1e      0x1bf ./FreeRTOS/efm32gg/timers.o
 .debug_macro   0x00024fdd       0x23 ./emlib/em_assert.o
 .debug_macro   0x00025000      0x29b ./emlib/em_burtc.o
 .debug_macro   0x0002529b       0x3b ./emlib/em_burtc.o
 .debug_macro   0x000252d6      0x367 ./emlib/em_cmu.o
 .debug_macro   0x0002563d       0x25 ./emlib/em_cmu.o
 .debug_macro   0x00025662       0xee ./emlib/em_cmu.o
 .debug_macro   0x00025750       0x1f ./emlib/em_cmu.o
 .debug_macro   0x0002576f      0x2c0 ./emlib/em_core.o
 .debug_macro   0x00025a2f      0x367 ./emlib/em_emu.o
 .debug_macro   0x00025d96       0xbd ./emlib/em_emu.o
 .debug_macro   0x00025e53       0xc0 ./emlib/em_emu.o
 .debug_macro   0x00025f13      0x2a7 ./emlib/em_gpio.o
 .debug_macro   0x000261ba      0x330 ./emlib/em_i2c.o
 .debug_macro   0x000264ea       0x3f ./emlib/em_i2c.o
 .debug_macro   0x00026529      0x32d ./emlib/em_rmu.o
 .debug_macro   0x00026856      0x295 ./emlib/em_system.o
 .debug_macro   0x00026aeb      0x363 ./src/low_power_tick_management.o
 .debug_macro   0x00026e4e       0x16 ./src/low_power_tick_management.o
 .debug_macro   0x00026e64       0x41 ./src/low_power_tick_management.o
 .debug_macro   0x00026ea5      0x500 ./src/main.o
 .debug_macro   0x000273a5       0x63 ./src/main.o
 .debug_macro   0x00027408       0x16 ./src/main.o
 .debug_macro   0x0002741e       0x10 ./src/main.o
 .debug_macro   0x0002742e       0x10 ./src/main.o
 .debug_macro   0x0002743e       0x2e ./src/main.o
 .debug_macro   0x0002746c      0x428 ./src/myI2C.o

.debug_line     0x00000000     0xd763
 .debug_line    0x00000000      0x95e ./BSP/bsp_print.o
 .debug_line    0x0000095e      0xb67 ./BSP/bsp_stk_leds.o
 .debug_line    0x000014c5       0x72 ./CMSIS/EFM32GG/startup_gcc_efm32gg.o
 .debug_line    0x00001537      0x835 ./CMSIS/EFM32GG/system_efm32gg.o
 .debug_line    0x00001d6c      0xa35 ./Drivers/sleep.o
 .debug_line    0x000027a1      0x58f ./FreeRTOS/efm32gg/heap_1.o
 .debug_line    0x00002d30      0x5a4 ./FreeRTOS/efm32gg/list.o
 .debug_line    0x000032d4      0x61b ./FreeRTOS/efm32gg/port_gcc.o
 .debug_line    0x000038ef      0xa62 ./FreeRTOS/efm32gg/queue.o
 .debug_line    0x00004351      0xe7f ./FreeRTOS/efm32gg/tasks.o
 .debug_line    0x000051d0      0x7e7 ./FreeRTOS/efm32gg/timers.o
 .debug_line    0x000059b7      0x12f ./emlib/em_assert.o
 .debug_line    0x00005ae6      0x976 ./emlib/em_burtc.o
 .debug_line    0x0000645c     0x1119 ./emlib/em_cmu.o
 .debug_line    0x00007575      0xb5f ./emlib/em_core.o
 .debug_line    0x000080d4      0xc0f ./emlib/em_emu.o
 .debug_line    0x00008ce3      0xa98 ./emlib/em_gpio.o
 .debug_line    0x0000977b      0xb23 ./emlib/em_i2c.o
 .debug_line    0x0000a29e      0x8a0 ./emlib/em_rmu.o
 .debug_line    0x0000ab3e      0x817 ./emlib/em_system.o
 .debug_line    0x0000b355      0xb7c ./src/low_power_tick_management.o
 .debug_line    0x0000bed1      0xd84 ./src/main.o
 .debug_line    0x0000cc55      0xb0e ./src/myI2C.o

.debug_str      0x00000000    0xe35e5
 .debug_str     0x00000000    0xd600f ./BSP/bsp_print.o
                              0xd66f7 (size before relaxing)
 .debug_str     0x000d600f     0x2412 ./BSP/bsp_stk_leds.o
                              0xd5044 (size before relaxing)
 .debug_str     0x000d8421       0x36 ./CMSIS/EFM32GG/startup_gcc_efm32gg.o
                                 0x7d (size before relaxing)
 .debug_str     0x000d8457      0x270 ./CMSIS/EFM32GG/system_efm32gg.o
                              0xd2ea2 (size before relaxing)
 .debug_str     0x000d86c7      0xa8c ./Drivers/sleep.o
                              0xd6970 (size before relaxing)
 .debug_str     0x000d9153     0x3735 ./FreeRTOS/efm32gg/heap_1.o
                               0xa3d8 (size before relaxing)
 .debug_str     0x000dc888      0x13d ./FreeRTOS/efm32gg/list.o
                               0x9e44 (size before relaxing)
 .debug_str     0x000dc9c5      0x6ef ./FreeRTOS/efm32gg/port_gcc.o
                               0x7bed (size before relaxing)
 .debug_str     0x000dd0b4      0xeeb ./FreeRTOS/efm32gg/queue.o
                               0xb330 (size before relaxing)
 .debug_str     0x000ddf9f     0x190e ./FreeRTOS/efm32gg/tasks.o
                               0xbe61 (size before relaxing)
 .debug_str     0x000df8ad      0x406 ./FreeRTOS/efm32gg/timers.o
                               0xb828 (size before relaxing)
 .debug_str     0x000dfcb3       0x1f ./emlib/em_assert.o
                               0x2d99 (size before relaxing)
 .debug_str     0x000dfcd2      0x389 ./emlib/em_burtc.o
                              0xd2f98 (size before relaxing)
 .debug_str     0x000e005b      0xe97 ./emlib/em_cmu.o
                              0xd6cd4 (size before relaxing)
 .debug_str     0x000e0ef2      0x5f4 ./emlib/em_core.o
                              0xd3aef (size before relaxing)
 .debug_str     0x000e14e6      0x58b ./emlib/em_emu.o
                              0xd6df5 (size before relaxing)
 .debug_str     0x000e1a71      0x1fb ./emlib/em_gpio.o
                              0xd36fc (size before relaxing)
 .debug_str     0x000e1c6c      0x50e ./emlib/em_i2c.o
                              0xd638c (size before relaxing)
 .debug_str     0x000e217a      0x43d ./emlib/em_rmu.o
                              0xd345d (size before relaxing)
 .debug_str     0x000e25b7       0xac ./emlib/em_system.o
                              0xd2f91 (size before relaxing)
 .debug_str     0x000e2663       0xd7 ./src/low_power_tick_management.o
                              0xd8afe (size before relaxing)
 .debug_str     0x000e273a      0xe3b ./src/main.o
                              0xdc42f (size before relaxing)
 .debug_str     0x000e3575       0x70 ./src/myI2C.o
                              0xdb579 (size before relaxing)

.debug_frame    0x00000000     0x382c
 .debug_frame   0x00000000       0x7c ./BSP/bsp_print.o
 .debug_frame   0x0000007c      0x1c4 ./BSP/bsp_stk_leds.o
 .debug_frame   0x00000240      0x180 ./CMSIS/EFM32GG/system_efm32gg.o
 .debug_frame   0x000003c0      0x170 ./Drivers/sleep.o
 .debug_frame   0x00000530       0x98 ./FreeRTOS/efm32gg/heap_1.o
 .debug_frame   0x000005c8       0xd8 ./FreeRTOS/efm32gg/list.o
 .debug_frame   0x000006a0      0x178 ./FreeRTOS/efm32gg/port_gcc.o
 .debug_frame   0x00000818      0x3c4 ./FreeRTOS/efm32gg/queue.o
 .debug_frame   0x00000bdc      0x6f4 ./FreeRTOS/efm32gg/tasks.o
 .debug_frame   0x000012d0      0x2d8 ./FreeRTOS/efm32gg/timers.o
 .debug_frame   0x000015a8       0x2c ./emlib/em_assert.o
 .debug_frame   0x000015d4      0x1ec ./emlib/em_burtc.o
 .debug_frame   0x000017c0      0x66c ./emlib/em_cmu.o
 .debug_frame   0x00001e2c      0x3c4 ./emlib/em_core.o
 .debug_frame   0x000021f0      0x3a0 ./emlib/em_emu.o
 .debug_frame   0x00002590      0x1cc ./emlib/em_gpio.o
 .debug_frame   0x0000275c      0x1b0 ./emlib/em_i2c.o
 .debug_frame   0x0000290c      0x110 ./emlib/em_rmu.o
 .debug_frame   0x00002a1c       0x5c ./emlib/em_system.o
 .debug_frame   0x00002a78      0x168 ./src/low_power_tick_management.o
 .debug_frame   0x00002be0      0x104 ./src/main.o
 .debug_frame   0x00002ce4       0xa4 ./src/myI2C.o
 .debug_frame   0x00002d88       0xac c:/siliconlabs/simplicitystudio/v4/developer/toolchains/gnu_arm/7.2_2017q4/bin/../lib/gcc/arm-none-eabi/7.2.1/thumb/v7-m\libgcc.a(_arm_addsubdf3.o)
 .debug_frame   0x00002e34       0x50 c:/siliconlabs/simplicitystudio/v4/developer/toolchains/gnu_arm/7.2_2017q4/bin/../lib/gcc/arm-none-eabi/7.2.1/thumb/v7-m\libgcc.a(_arm_muldivdf3.o)
 .debug_frame   0x00002e84       0xc4 c:/siliconlabs/simplicitystudio/v4/developer/toolchains/gnu_arm/7.2_2017q4/bin/../lib/gcc/arm-none-eabi/7.2.1/thumb/v7-m\libgcc.a(_arm_cmpdf2.o)
 .debug_frame   0x00002f48       0x28 c:/siliconlabs/simplicitystudio/v4/developer/toolchains/gnu_arm/7.2_2017q4/bin/../lib/gcc/arm-none-eabi/7.2.1/../../../../arm-none-eabi/lib/thumb/v7-m\libc_nano.a(lib_a-exit.o)
 .debug_frame   0x00002f70       0x2c c:/siliconlabs/simplicitystudio/v4/developer/toolchains/gnu_arm/7.2_2017q4/bin/../lib/gcc/arm-none-eabi/7.2.1/../../../../arm-none-eabi/lib/thumb/v7-m\libc_nano.a(lib_a-init.o)
 .debug_frame   0x00002f9c       0x28 c:/siliconlabs/simplicitystudio/v4/developer/toolchains/gnu_arm/7.2_2017q4/bin/../lib/gcc/arm-none-eabi/7.2.1/../../../../arm-none-eabi/lib/thumb/v7-m\libc_nano.a(lib_a-memcpy-stub.o)
 .debug_frame   0x00002fc4       0x20 c:/siliconlabs/simplicitystudio/v4/developer/toolchains/gnu_arm/7.2_2017q4/bin/../lib/gcc/arm-none-eabi/7.2.1/../../../../arm-none-eabi/lib/thumb/v7-m\libc_nano.a(lib_a-memset.o)
 .debug_frame   0x00002fe4       0x74 c:/siliconlabs/simplicitystudio/v4/developer/toolchains/gnu_arm/7.2_2017q4/bin/../lib/gcc/arm-none-eabi/7.2.1/../../../../arm-none-eabi/lib/thumb/v7-m\libc_nano.a(lib_a-printf.o)
 .debug_frame   0x00003058       0x48 c:/siliconlabs/simplicitystudio/v4/developer/toolchains/gnu_arm/7.2_2017q4/bin/../lib/gcc/arm-none-eabi/7.2.1/../../../../arm-none-eabi/lib/thumb/v7-m\libc_nano.a(lib_a-rand.o)
 .debug_frame   0x000030a0      0x11c c:/siliconlabs/simplicitystudio/v4/developer/toolchains/gnu_arm/7.2_2017q4/bin/../lib/gcc/arm-none-eabi/7.2.1/../../../../arm-none-eabi/lib/thumb/v7-m\libc_nano.a(lib_a-findfp.o)
 .debug_frame   0x000031bc       0x54 c:/siliconlabs/simplicitystudio/v4/developer/toolchains/gnu_arm/7.2_2017q4/bin/../lib/gcc/arm-none-eabi/7.2.1/../../../../arm-none-eabi/lib/thumb/v7-m\libc_nano.a(lib_a-fwalk.o)
 .debug_frame   0x00003210       0x30 c:/siliconlabs/simplicitystudio/v4/developer/toolchains/gnu_arm/7.2_2017q4/bin/../lib/gcc/arm-none-eabi/7.2.1/../../../../arm-none-eabi/lib/thumb/v7-m\libc_nano.a(lib_a-malloc.o)